// Jest Snapshot v1, https://goo.gl/fbAQLP

exports[`<StadspasDetail /> Matches the Full Page snapshot 1`] = `
<DocumentFragment>
  <main
    class="Page DetailPage"
  >
    <header
      class="PageHeading hasIcon hasBackLink"
    >
      <span
        aria-hidden="true"
        class="Icon"
      >
        <svg
          aria-label="Stadspas"
          class="ChapterIcon"
          fill="black"
        >
          stadspas.svg
        </svg>
      </span>
      <div
        class="HeadingInner"
      >
        <a
          class="Button Button__plain Button__lean Linkd BackLink"
          href="/stadspas"
        >
          <svg
            aria-hidden="true"
            class="Icon Icon__left"
            fill="#000"
            height="14px"
            width="14px"
          >
            Chevron-Left.svg
          </svg>
          Stadspas
        </a>
        <h2
          class="Heading Heading__large"
        >
          Saldo Stadspas
        </h2>
      </div>
    </header>
    <div
      class="PageContent DetailPageContent"
    >
      <p>
        Hieronder ziet u hoeveel geld er nog op de Stadspas staat.
      </p>
      <p>
        <a
          class="Button Button__plain Button__lean Linkd"
          href="https://www.amsterdam.nl/kindtegoed"
          rel="external noopener noreferrer"
        >
          <svg
            aria-hidden="true"
            class="Icon Icon__left"
            fill="#000"
            height="14px"
            width="14px"
          >
            Chevron-Right.svg
          </svg>
          Meer informatie over het Kindtegoed
        </a>
      </p>
    </div>
    <div
      class="PageContent PageContentStadspasInfo"
    >
      <h3
        class="Heading Heading__large"
      >
        G Braber
      </h3>
      <p
        class="StadspasNummer"
      >
        Stadspasnummer: 6011012604273
      </p>
    </div>
  </main>
</DocumentFragment>
`;
