// Jest Snapshot v1, https://goo.gl/fbAQLP

exports[`Linkd Linkd default renders correctly 1`] = `
<a
  className="Button Button__plain Button__lean"
  href="/"
  onClick={[Function]}
>
  <svg
    aria-hidden="true"
    className="Icon Icon__left"
  >
    Chevron-Right.svg
  </svg>
  <svg>
    Alert.svg
  </svg>
</a>
`;

exports[`Linkd Linkd external renders correctly 1`] = `"<a target=\\"_blank\\" rel=\\"external noopener noreferrer\\" href=\\"/\\" to=\\"/\\" class=\\"Button Button__plain Button__lean\\"><svg aria-hidden=\\"true\\" class=\\"Icon Icon__left\\">Chevron-Right.svg</svg>Link!</a>"`;

exports[`Linkd Renders 1`] = `"<a href=\\"/\\" class=\\"Button Button__plain Button__lean\\"><svg aria-hidden=\\"true\\" class=\\"Icon Icon__left\\">Chevron-Right.svg</svg>Link!</a>"`;
