// Vitest Snapshot v1, https://vitest.dev/guide/snapshot.html

exports[`<HLI /> > Matches the Full Page snapshot 1`] = `
<DocumentFragment>
  <div
    class="ams-grid redacted"
  >
    <div
      class="ams-grid__cell ams-grid__cell--span-4 ams-grid__cell--span-8-medium ams-grid__cell--span-12-wide ams-grid__cell--start-1 ams-grid__cell--start-1-medium ams-grid__cell--start-1-wide _PageHeadingWrap_4650bd"
    >
      <div
        class="_PageHeadingInner_4650bd"
        id="skip-to-id-AppContent"
      >
        <nav
          class="ams-breadcrumb"
        >
          <ol
            class="ams-breadcrumb__list"
          >
            <li
              class="ams-breadcrumb__item"
            >
              <a
                class="ams-breadcrumb__link"
                href="/"
              >
                Home
              </a>
            </li>
            <li
              class="ams-breadcrumb__item"
            >
              <a
                class="ams-breadcrumb__link"
                href="/regelingen-bij-laag-inkomen"
                tabindex="-1"
              >
                <span
                  class="ams-visually-hidden"
                >
                  Stadspas en regelingen bij laag inkomen
                </span>
              </a>
            </li>
          </ol>
        </nav>
        <h1
          class="ams-heading ams-heading--1 _PageHeading_4650bd"
        >
          Stadspas en regelingen bij laag inkomen
        </h1>
      </div>
    </div>
    <div
      class="ams-grid__cell ams-grid__cell--span-4 ams-grid__cell--span-8-medium ams-grid__cell--span-8-wide ams-grid__cell--start-1 ams-grid__cell--start-1-medium ams-grid__cell--start-1-wide"
    >
      <p
        class="ams-paragraph"
      >
        Hieronder ziet u al uw regelingen. Als u een Stadspas heeft aangevraagd, komt deze vanzelf op deze pagina te staan.
      </p>
    </div>
    <div
      class="ams-grid__cell ams-grid__cell--span-4 ams-grid__cell--span-8-medium ams-grid__cell--span-12-wide ams-grid__cell--start-1 ams-grid__cell--start-1-medium ams-grid__cell--start-1-wide"
    >
      <ul
        class="ams-link-list"
      >
        <li>
          <a
            class="ams-link-list__link"
            href="https://www.amsterdam.nl/werk-inkomen/hulp-bij-laag-inkomen/"
            rel="noreferrer"
          >
            <span
              class="ams-icon"
            >
              <svg
                aria-hidden="true"
                focusable="false"
                viewBox="0 0 24 24"
                xmlns="http://www.w3.org/2000/svg"
              >
                <path
                  clip-rule="evenodd"
                  d="M7.911 2.5 17.5 12l-9.589 9.5L6.5 20.102 14.677 12 6.5 3.898z"
                  fill-rule="evenodd"
                />
              </svg>
            </span>
            Meer informatie over regelingen
          </a>
        </li>
        <li>
          <a
            class="ams-link-list__link"
            href="https://www.amsterdam.nl/stadspas"
            rel="noreferrer"
          >
            <span
              class="ams-icon"
            >
              <svg
                aria-hidden="true"
                focusable="false"
                viewBox="0 0 24 24"
                xmlns="http://www.w3.org/2000/svg"
              >
                <path
                  clip-rule="evenodd"
                  d="M7.911 2.5 17.5 12l-9.589 9.5L6.5 20.102 14.677 12 6.5 3.898z"
                  fill-rule="evenodd"
                />
              </svg>
            </span>
            Meer informatie over Stadspas
          </a>
        </li>
      </ul>
    </div>
    <div
      class="ams-grid__cell ams-grid__cell--span-4 ams-grid__cell--span-8-medium ams-grid__cell--span-12-wide ams-grid__cell--start-1 ams-grid__cell--start-1-medium ams-grid__cell--start-1-wide"
    >
      <div
        class="ams-grid__cell ams-grid__cell--span-4 ams-grid__cell--span-8-medium ams-grid__cell--span-12-wide ams-grid__cell--start-1 ams-grid__cell--start-1-medium ams-grid__cell--start-1-wide"
      >
        <div
          class="ams-table"
        >
          <table
            class="ams-table__table _TableV2_1fc147 _Stadspassen_b80084"
          >
            <thead
              class="ams-table__header"
            >
              <tr
                class="ams-table__row"
              >
                <td
                  class="ams-table__cell"
                />
                <th
                  class="ams-table__header-cell"
                >
                  Status
                </th>
              </tr>
            </thead>
            <tbody
              class="ams-table__body"
            >
              <tr
                class="ams-table__row"
              >
                <td
                  class="ams-table__cell"
                >
                  <a
                    class="ams-link _MaLink_10c0a4 _MaRouterLink__no-underline-fat_10c0a4"
                  >
                    <span
                      class="_Stadspas_owner_b80084"
                    >
                      Stadspas van Kerub
                    </span>
                    <span
                      class="_Stadspas_balance_b80084"
                    >
                      Saldo €5,00
                    </span>
                  </a>
                </td>
                <td
                  class="ams-table__cell"
                >
                  <span
                    class="_StatusValue_b80084"
                  >
                    Actief
                  </span>
                </td>
              </tr>
              <tr
                class="ams-table__row"
              >
                <td
                  class="ams-table__cell"
                >
                  <a
                    class="ams-link _MaLink_10c0a4 _MaRouterLink__no-underline-fat_10c0a4"
                  >
                    <span
                      class="_Stadspas_owner_b80084"
                    >
                      Stadspas van Lou
                    </span>
                    <span
                      class="_Stadspas_balance_b80084"
                    >
                      Saldo €4,00
                    </span>
                  </a>
                </td>
                <td
                  class="ams-table__cell"
                >
                  <span
                    class="_StatusValue_b80084"
                  >
                    Geblokkeerd
                  </span>
                </td>
              </tr>
            </tbody>
          </table>
        </div>
      </div>
      <p
        class="ams-paragraph ams-paragraph--small"
      >
        Het huidige stadspasjaar eindigt op 31 juli 2025.
      </p>
    </div>
    <div
      class="ams-grid__cell ams-grid__cell--span-4 ams-grid__cell--span-8-medium ams-grid__cell--span-12-wide ams-grid__cell--start-1 ams-grid__cell--start-1-medium ams-grid__cell--start-1-wide"
    >
      <h3
        class="ams-heading ams-heading--2"
      >
        Specificaties regeling tegemoetkoming meerkosten
      </h3>
      <div
        class="ams-table"
      >
        <table
          class="ams-table__table _TableV2_1fc147"
        >
          <thead
            class="ams-table__header"
          >
            <tr
              class="ams-table__row"
            >
              <th
                class="ams-table__header-cell"
              >
                Datum
              </th>
              <th
                class="ams-table__header-cell"
              >
                Document
              </th>
            </tr>
          </thead>
          <tbody
            class="ams-table__body"
          >
            <tr
              class="ams-table__row"
            >
              <td
                class="ams-table__cell"
              >
                20 november 2024
              </td>
              <td
                class="ams-table__cell"
              >
                <span
                  class="_DocumentLinkWrap_4ce874"
                >
                  <a
                    class="ams-link _DocumentLink_4ce874 _MaLink_10c0a4 _MaRouterLink__no-default-underline_10c0a4"
                    href="http://bff-api-host/api/v1/services/v1/stadspas-en-andere-regelingen/document?id=test-encrypted-id"
                  >
                    <span
                      class="_DocumentLinkIcon_4ce874"
                    >
                      <span
                        class="ams-icon ams-icon--heading-5"
                      >
                        <svg
                          aria-hidden="true"
                          focusable="false"
                          viewBox="0 0 32 32"
                          xmlns="http://www.w3.org/2000/svg"
                        >
                          <path
                            d="M0 27.996h32V32H0zm22.36-13.983 2.83 2.823L16 26.044l-9.19-9.208 2.83-2.823L14 18.377V0h4v18.377z"
                          />
                        </svg>
                      </span>
                    </span>
                    PDF
                  </a>
                </span>
              </td>
            </tr>
          </tbody>
        </table>
      </div>
    </div>
    <div
      class="ams-grid__cell ams-grid__cell--span-4 ams-grid__cell--span-8-medium ams-grid__cell--span-12-wide ams-grid__cell--start-1 ams-grid__cell--start-1-medium ams-grid__cell--start-1-wide"
    >
      <h3
        class="ams-heading ams-heading--2"
      >
        Huidige regelingen
      </h3>
      <div
        class="ams-table"
      >
        <table
          class="ams-table__table _TableV2_1fc147"
        >
          <thead
            class="ams-table__header"
          >
            <tr
              class="ams-table__row"
            >
              <th
                class="ams-table__header-cell"
                style="width: 80%;"
              >
                Regeling
              </th>
              <th
                class="ams-table__header-cell"
                style="width: 20%;"
              >
                Ontvangers
              </th>
            </tr>
          </thead>
          <tbody
            class="ams-table__body"
          >
            <tr
              class="ams-table__row"
            >
              <td
                class="ams-table__cell"
              >
                <a
                  class="ams-link _MaLink_10c0a4 _MaRouterLink__no-underline-fat_10c0a4"
                  href="http://example.org/ding"
                  title="Bekijk meer over hli item 1"
                >
                  Hli item 1
                </a>
              </td>
              <td
                class="ams-table__cell"
              />
            </tr>
          </tbody>
        </table>
      </div>
    </div>
    <div
      class="ams-grid__cell ams-grid__cell--span-4 ams-grid__cell--span-8-medium ams-grid__cell--span-12-wide ams-grid__cell--start-1 ams-grid__cell--start-1-medium ams-grid__cell--start-1-wide"
    >
      <h3
        class="ams-heading ams-heading--2"
      >
        Eerdere en afgewezen regelingen
      </h3>
      <div
        class="ams-table"
      >
        <table
          class="ams-table__table _TableV2_1fc147"
        >
          <tbody
            class="ams-table__body"
          />
        </table>
      </div>
      <p
        class="ams-paragraph"
      >
        U heeft (nog) geen eerdere en afgewezen regelingen
      </p>
    </div>
    <div
      class="ams-grid__cell ams-grid__cell--span-4 ams-grid__cell--span-8-medium ams-grid__cell--span-8-wide ams-grid__cell--start-1 ams-grid__cell--start-1-medium ams-grid__cell--start-3-wide"
    >
      <p
        class="ams-paragraph _SuppressedParagraph_c1c87f"
      >
        U ziet hier niet alle gegevens uit het verleden. De gegevens die u hier niet ziet, heeft u eerder per post ontvangen.
      </p>
    </div>
  </div>
</DocumentFragment>
`;
