// Jest Snapshot v1, https://goo.gl/fbAQLP

exports[`<Zorg /> Matches the Full Page snapshot 1`] = `
<DocumentFragment>
  <main
    class="Page DetailPage StatusDetail"
  >
    <header
      class="PageHeading hasIcon hasBackLink"
    >
      <span
        aria-hidden="true"
        class="Icon"
      >
        <svg
          aria-label="Zorg en ondersteuning"
          class="ChapterIcon"
          fill="black"
        >
          zorg.svg
        </svg>
      </span>
      <div
        class="HeadingInner"
      >
        <a
          class="Button Button__plain Button__lean Linkd BackLink"
          href="/zorg-en-ondersteuning"
        >
          <svg
            aria-hidden="true"
            class="Icon Icon__left"
            fill="#000"
            height="14px"
            width="14px"
          >
            Chevron-Left.svg
          </svg>
          Zorg en ondersteuning
        </a>
        <h2
          class="Heading Heading__large"
        >
          Wmo item 1
        </h2>
      </div>
    </header>
    <div
      class="PageContent DetailPageContent"
    >
      <p
        class="InfoDetail"
      >
        <span
          class="Label"
        >
          Aanbieder
        </span>
        <span
          class="Value"
        >
          Mantelzorg B.V
        </span>
      </p>
    </div>
    <div
      class="StatusLine"
    >
      <h4
        class="Heading Heading__tiny ListHeading"
      >
        Status
      </h4>
      <ul
        class="List"
      >
        <li
          class="ListItem ListItem--highlight"
          style="display: block;"
        >
          <div
            class="ListItemInner"
          >
            <div
              aria-label="Vinkje, processtap gereed"
              class="StatusConnection"
            >
              <span
                class="ConnectLine ConnectLine--start"
              />
              <span
                class="Checkmark Checkmark--active Checkmark--checked"
              />
            </div>
            <div
              class="Panel Panel--status"
            >
              <strong
                class="StatusTitle"
              >
                Levering gestart
              </strong>
              <time
                class="StatusDate"
              >
                24 juli 2020
              </time>
            </div>
            <div
              class="Panel Panel--description"
            >
              <div
                class="PanelContent"
              >
                De levering van uw thuizorg is gestart
              </div>
            </div>
            <div
              class="Panel Panel--documents"
            />
          </div>
        </li>
      </ul>
    </div>
  </main>
</DocumentFragment>
`;
