// Vitest Snapshot v1, https://vitest.dev/guide/snapshot.html

exports[`<Horeca /> > Matches the Full Page snapshot 1`] = `
<DocumentFragment>
  <main
    class="_Page_47d7c0 _OverviewPage_47d7c0 _Horeca_41591c"
  >
    <header
      class="_PageHeading_3b337d _hasIcon_3b337d _hasBackLink_3b337d"
    >
      <span
        aria-hidden="true"
        class="_Icon_3b337d"
      >
        <svg
          aria-label="Horeca"
          class="_ThemaIcon_2fc54d"
          fill="black"
          height="32"
          viewBox="0 0 25 32"
          width="25"
          xmlns="http://www.w3.org/2000/svg"
        >
          <path
            d="M6 32V17C3 17 0 13.8962 0 11V0H3V11H6V0H9V11H11.94L12 0H15V11C15 14 11.94 17 9 17V32H6ZM22 32V19H18V7C18 4.89333 18.64 3.2 19.92 1.92C21.2 0.64 22.8933 0 25 0V32H22Z"
          />
        </svg>
      </span>
      <div
        class="_HeadingInner_3b337d"
      >
        <a
          class="ams-link ams-link--standalone _BackLink_3b337d"
          href="/"
        >
          <span
            class="ams-icon ams-icon--size-5"
          >
            <svg
              aria-hidden="true"
              focusable="false"
              viewBox="0 0 32 32"
              xmlns="http://www.w3.org/2000/svg"
            >
              <path
                d="m22.857 32-16-16 16-16 2.9 2.91L12.677 16l13.08 13.09z"
                fill-rule="evenodd"
              />
            </svg>
          </span>
          <span>
            Terug
          </span>
        </a>
        <h2
          class="ams-heading ams-heading--level-1"
        >
          Horeca
        </h2>
      </div>
    </header>
    <div
      class="_PageContent_47d7c0"
    >
      <p>
        Hier ziet u een overzicht van uw aanvragen voor Horeca en ontheffingen bij gemeente Amsterdam.
      </p>
    </div>
    <section
      class="_SectionCollapsible_b93dc7"
    >
      <h3
        class="ams-heading ams-heading--level-3 _Title_b93dc7 _TitleWithItems_b93dc7"
      >
        <button
          aria-expanded="true"
          class="_TitleToggle_b93dc7"
        >
          <svg
            aria-hidden="true"
            aria-label="chevron-rechts-icoon"
            class="_CaretIcon_b93dc7"
            focusable="false"
            height="32px"
            viewBox="0 0 32 32"
            width="32px"
            xmlns="http://www.w3.org/2000/svg"
            xmlns:xlink="http://www.w3.org/1999/xlink"
          >
            <polygon
              points="9.75688579 32 6.85714286 29.0899743 19.9368344 16 6.85714286 2.91002571 9.75688579 0 25.7568858 16"
            />
          </svg>
           Lopende aanvragen
        </button>
      </h3>
      <div
        aria-hidden="false"
        class="_Panel_b93dc7"
        style="height: 0px;"
      >
        <div
          class="_PanelInner_b93dc7"
        >
          <table
            class="_Table_a66dcc"
          >
            <thead>
              <tr
                class="_TableRow_a66dcc"
              >
                <th
                  class="_DisplayProp_a66dcc"
                >
                  Kenmerk
                </th>
                <th
                  class="_DisplayProp_a66dcc"
                >
                  Soort vergunning
                </th>
                <th
                  class="_DisplayProp_a66dcc"
                >
                  Aangevraagd
                </th>
              </tr>
            </thead>
            <tbody>
              <tr
                class="_TableRow_a66dcc"
              >
                <td
                  class="_DisplayPropTitle_a66dcc"
                >
                  <a
                    class="_Button_c3ab45 _Button__plain_c3ab45 _Button__lean_c3ab45 _Linkd_c3ab45"
                    href="/horeca/horeca-vergunning-exploitatie-horecabedrijf/334568232"
                  >
                    <svg
                      aria-hidden="true"
                      aria-label="chevron-rechts-icoon"
                      class="_Icon_c3ab45 _Icon__left_c3ab45"
                      fill="#000"
                      focusable="false"
                      height="14px"
                      viewBox="0 0 32 32"
                      width="14px"
                      xmlns="http://www.w3.org/2000/svg"
                      xmlns:xlink="http://www.w3.org/1999/xlink"
                    >
                      <polygon
                        points="9.75688579 32 6.85714286 29.0899743 19.9368344 16 6.85714286 2.91002571 9.75688579 0 25.7568858 16"
                      />
                    </svg>
                    Z/23/1808827
                  </a>
                </td>
                <td
                  class="_DisplayProp_a66dcc"
                >
                  <span
                    class="_DisplayPropLabel_a66dcc"
                  >
                    Soort vergunning:
                  </span>
                  <span>
                    Horeca vergunning exploitatie Horecabedrijf
                  </span>
                </td>
                <td
                  class="_DisplayProp_a66dcc"
                >
                  <span
                    class="_DisplayPropLabel_a66dcc"
                  >
                    Aangevraagd:
                  </span>
                  <span>
                    20 november 2022
                  </span>
                </td>
              </tr>
              <tr
                class="_TableRow_a66dcc"
              >
                <td
                  class="_DisplayPropTitle_a66dcc"
                >
                  <a
                    class="_Button_c3ab45 _Button__plain_c3ab45 _Button__lean_c3ab45 _Linkd_c3ab45"
                    href="/horeca/horeca-vergunning-exploitatie-horecabedrijf/3209922248"
                  >
                    <svg
                      aria-hidden="true"
                      aria-label="chevron-rechts-icoon"
                      class="_Icon_c3ab45 _Icon__left_c3ab45"
                      fill="#000"
                      focusable="false"
                      height="14px"
                      viewBox="0 0 32 32"
                      width="14px"
                      xmlns="http://www.w3.org/2000/svg"
                      xmlns:xlink="http://www.w3.org/1999/xlink"
                    >
                      <polygon
                        points="9.75688579 32 6.85714286 29.0899743 19.9368344 16 6.85714286 2.91002571 9.75688579 0 25.7568858 16"
                      />
                    </svg>
                    Z/23/1808826
                  </a>
                </td>
                <td
                  class="_DisplayProp_a66dcc"
                >
                  <span
                    class="_DisplayPropLabel_a66dcc"
                  >
                    Soort vergunning:
                  </span>
                  <span>
                    Horeca vergunning exploitatie Horecabedrijf
                  </span>
                </td>
                <td
                  class="_DisplayProp_a66dcc"
                >
                  <span
                    class="_DisplayPropLabel_a66dcc"
                  >
                    Aangevraagd:
                  </span>
                  <span>
                    20 oktober 2022
                  </span>
                </td>
              </tr>
            </tbody>
          </table>
        </div>
      </div>
    </section>
    <section
      class="_SectionCollapsible_b93dc7"
    >
      <h3
        class="ams-heading ams-heading--level-3 _Title_b93dc7 _TitleWithItems_b93dc7"
      >
        <button
          aria-expanded="true"
          class="_TitleToggle_b93dc7"
        >
          <svg
            aria-hidden="true"
            aria-label="chevron-rechts-icoon"
            class="_CaretIcon_b93dc7"
            focusable="false"
            height="32px"
            viewBox="0 0 32 32"
            width="32px"
            xmlns="http://www.w3.org/2000/svg"
            xmlns:xlink="http://www.w3.org/1999/xlink"
          >
            <polygon
              points="9.75688579 32 6.85714286 29.0899743 19.9368344 16 6.85714286 2.91002571 9.75688579 0 25.7568858 16"
            />
          </svg>
           Eerdere aanvragen
        </button>
      </h3>
      <div
        aria-hidden="false"
        class="_Panel_b93dc7"
        style="height: 0px;"
      >
        <div
          class="_PanelInner_b93dc7"
        >
          <table
            class="_Table_a66dcc"
          >
            <thead>
              <tr
                class="_TableRow_a66dcc"
              >
                <th
                  class="_DisplayProp_a66dcc"
                >
                  Kenmerk
                </th>
                <th
                  class="_DisplayProp_a66dcc"
                >
                  Soort vergunning
                </th>
                <th
                  class="_DisplayProp_a66dcc"
                >
                  Resultaat
                </th>
              </tr>
            </thead>
            <tbody>
              <tr
                class="_TableRow_a66dcc"
              >
                <td
                  class="_DisplayPropTitle_a66dcc"
                >
                  <a
                    class="_Button_c3ab45 _Button__plain_c3ab45 _Button__lean_c3ab45 _Linkd_c3ab45"
                    href="/horeca/horeca-vergunning-exploitatie-horecabedrijf/1234418712"
                  >
                    <svg
                      aria-hidden="true"
                      aria-label="chevron-rechts-icoon"
                      class="_Icon_c3ab45 _Icon__left_c3ab45"
                      fill="#000"
                      focusable="false"
                      height="14px"
                      viewBox="0 0 32 32"
                      width="14px"
                      xmlns="http://www.w3.org/2000/svg"
                      xmlns:xlink="http://www.w3.org/1999/xlink"
                    >
                      <polygon
                        points="9.75688579 32 6.85714286 29.0899743 19.9368344 16 6.85714286 2.91002571 9.75688579 0 25.7568858 16"
                      />
                    </svg>
                    Z/23/1984708
                  </a>
                </td>
                <td
                  class="_DisplayProp_a66dcc"
                >
                  <span
                    class="_DisplayPropLabel_a66dcc"
                  >
                    Soort vergunning:
                  </span>
                  <span>
                    Horeca vergunning exploitatie Horecabedrijf
                  </span>
                </td>
                <td
                  class="_DisplayProp_a66dcc"
                >
                  <span
                    class="_DisplayPropLabel_a66dcc"
                  >
                    Resultaat:
                  </span>
                  <span>
                    Verleend
                  </span>
                </td>
              </tr>
            </tbody>
          </table>
        </div>
      </div>
    </section>
  </main>
</DocumentFragment>
`;
