// Jest Snapshot v1, https://goo.gl/fbAQLP

exports[`<Horeca /> Matches the Full Page snapshot 1`] = `
<DocumentFragment>
  <main
    class="Page OverviewPage Horeca"
  >
    <header
      class="PageHeading hasIcon hasBackLink"
    >
      <span
        aria-hidden="true"
        class="Icon"
      >
        <svg
          aria-label="Horeca"
          class="ChapterIcon"
          fill="black"
        >
          iconHoreca.svg
        </svg>
      </span>
      <div
        class="HeadingInner"
      >
        <a
          class="Button Button__plain Button__lean Linkd BackLink"
          href="/"
        >
          <svg
            aria-hidden="true"
            class="Icon Icon__left"
            fill="#000"
            height="14px"
            width="14px"
          >
            Chevron-Left.svg
          </svg>
          Home
        </a>
        <h2
          class="Heading Heading__large"
        >
          Horeca
        </h2>
      </div>
    </header>
    <div
      class="PageContent"
    >
      <p>
        Hier ziet u een overzicht van uw aanvragen voor Horeca vergunningen en ontheffingen.
      </p>
    </div>
    <section
      class="SectionCollapsible"
    >
      <h3
        class="Heading Heading__mediumLarge Title TitleWithItems"
      >
        <button
          aria-expanded="true"
          class="TitleToggle"
        >
          <svg
            aria-hidden="true"
            class="CaretIcon"
          >
            Chevron-Right.svg
          </svg>
           Horeca vergunningen
        </button>
      </h3>
      <div
        aria-hidden="false"
        class="Panel"
        style="height: 0px;"
      >
        <div
          class="PanelInner"
        >
          <table
            class="Table"
          >
            <thead>
              <tr
                class="TableRow"
              >
                <th
                  class="DisplayProp"
                >
                  Kenmerk
                </th>
                <th
                  class="DisplayProp"
                >
                  Soort vergunning
                </th>
                <th
                  class="DisplayProp"
                >
                  Aangevraagd
                </th>
              </tr>
            </thead>
            <tbody>
              <tr
                class="TableRow"
              >
                <td
                  class="DisplayPropTitle"
                >
                  <a
                    class="Button Button__plain Button__lean Linkd"
                    href="/horeca/horeca-vergunning-exploitatie-horecabedrijf/3209922248"
                  >
                    <svg
                      aria-hidden="true"
                      class="Icon Icon__left"
                      fill="#000"
                      height="14px"
                      width="14px"
                    >
                      Chevron-Right.svg
                    </svg>
                    Z/23/1808826
                  </a>
                </td>
                <td
                  class="DisplayProp"
                >
                  <span
                    class="DisplayPropLabel"
                  >
                    Soort vergunning:
                  </span>
                  <span>
                    Horeca vergunning exploitatie Horecabedrijf
                  </span>
                </td>
                <td
                  class="DisplayProp"
                >
                  <span
                    class="DisplayPropLabel"
                  >
                    Aangevraagd:
                  </span>
                  <span>
                    20 oktober 2022
                  </span>
                </td>
              </tr>
            </tbody>
          </table>
        </div>
      </div>
    </section>
  </main>
</DocumentFragment>
`;
