// Jest Snapshot v1, https://goo.gl/fbAQLP

exports[`Vergunningen service FetchVergunningenGenerated: should respond with a success response 1`] = `
Object {
  "content": Object {
    "cases": Array [
      Object {
        "chapter": "VERGUNNINGEN",
        "datePublished": "2020-06-24T00:00:00",
        "id": "vergunning-1515509663-case",
        "link": Object {
          "title": "Z/20/1597204",
          "to": "/vergunningen/detail/1515509663",
        },
        "title": "Vergunningsaanvraag Z/20/1597204",
      },
      Object {
        "chapter": "VERGUNNINGEN",
        "datePublished": "2020-06-24T00:00:00",
        "id": "vergunning-3607311896-case",
        "link": Object {
          "title": "Z/20/1597203",
          "to": "/vergunningen/detail/3607311896",
        },
        "title": "Vergunningsaanvraag Z/20/1597203",
      },
      Object {
        "chapter": "VERGUNNINGEN",
        "datePublished": "2020-06-24T00:00:00",
        "id": "vergunning-926876057-case",
        "link": Object {
          "title": "Z/20/1597202",
          "to": "/vergunningen/detail/926876057",
        },
        "title": "Vergunningsaanvraag Z/20/1597202",
      },
      Object {
        "chapter": "VERGUNNINGEN",
        "datePublished": "2020-06-24T00:00:00",
        "id": "vergunning-3240785464-case",
        "link": Object {
          "title": "Z/20/1597199",
          "to": "/vergunningen/detail/3240785464",
        },
        "title": "Vergunningsaanvraag Z/20/1597199",
      },
      Object {
        "chapter": "VERGUNNINGEN",
        "datePublished": "2020-06-24T00:00:00",
        "id": "vergunning-1862294070-case",
        "link": Object {
          "title": "Z/20/1597197",
          "to": "/vergunningen/detail/1862294070",
        },
        "title": "Vergunningsaanvraag Z/20/1597197",
      },
      Object {
        "chapter": "VERGUNNINGEN",
        "datePublished": "2020-06-24T00:00:00",
        "id": "vergunning-881727095-case",
        "link": Object {
          "title": "Z/20/1597196",
          "to": "/vergunningen/detail/881727095",
        },
        "title": "Vergunningsaanvraag Z/20/1597196",
      },
      Object {
        "chapter": "VERGUNNINGEN",
        "datePublished": "2020-06-24T00:00:00",
        "id": "vergunning-1619362356-case",
        "link": Object {
          "title": "Z/20/1597195",
          "to": "/vergunningen/detail/1619362356",
        },
        "title": "Vergunningsaanvraag Z/20/1597195",
      },
      Object {
        "chapter": "VERGUNNINGEN",
        "datePublished": "2020-06-24T00:00:00",
        "id": "vergunning-638795381-case",
        "link": Object {
          "title": "Z/20/1597194",
          "to": "/vergunningen/detail/638795381",
        },
        "title": "Vergunningsaanvraag Z/20/1597194",
      },
      Object {
        "chapter": "VERGUNNINGEN",
        "datePublished": "2020-06-24T00:00:00",
        "id": "vergunning-1608378930-case",
        "link": Object {
          "title": "Z/20/1597193",
          "to": "/vergunningen/detail/1608378930",
        },
        "title": "Vergunningsaanvraag Z/20/1597193",
      },
      Object {
        "chapter": "VERGUNNINGEN",
        "datePublished": "2020-06-17T00:00:00",
        "id": "vergunning-2952768564-case",
        "link": Object {
          "title": "Z/20/1595179",
          "to": "/vergunningen/detail/2952768564",
        },
        "title": "Vergunningsaanvraag Z/20/1595179",
      },
      Object {
        "chapter": "VERGUNNINGEN",
        "datePublished": "2020-06-08T00:00:00",
        "id": "vergunning-4043653692-case",
        "link": Object {
          "title": "Z/20/1592761",
          "to": "/vergunningen/detail/4043653692",
        },
        "title": "Vergunningsaanvraag Z/20/1592761",
      },
      Object {
        "chapter": "VERGUNNINGEN",
        "datePublished": "2020-05-06T00:00:00",
        "id": "vergunning-211045982-case",
        "link": Object {
          "title": "Z/20/1592552",
          "to": "/vergunningen/detail/211045982",
        },
        "title": "Vergunningsaanvraag Z/20/1592552",
      },
      Object {
        "chapter": "VERGUNNINGEN",
        "datePublished": "2020-05-03T00:00:00",
        "id": "vergunning-2226696250-case",
        "link": Object {
          "title": "Z/20/1592521",
          "to": "/vergunningen/detail/2226696250",
        },
        "title": "Vergunningsaanvraag Z/20/1592521",
      },
    ],
    "notifications": Array [
      Object {
        "chapter": "VERGUNNINGEN",
        "datePublished": "2020-07-02",
        "description": "Uw vergunningsaanvraag TVM - RVV - Object is verleend",
        "id": "vergunning-1515509663-notification",
        "link": Object {
          "title": "Bekijk details",
          "to": "/vergunningen/detail/1515509663",
        },
        "title": "Vergunningsaanvraag",
      },
      Object {
        "chapter": "VERGUNNINGEN",
        "datePublished": "2020-06-24",
        "description": "Uw vergunningsaanvraag TVM - RVV - Object is ingetrokken",
        "id": "vergunning-3607311896-notification",
        "link": Object {
          "title": "Bekijk details",
          "to": "/vergunningen/detail/3607311896",
        },
        "title": "Vergunningsaanvraag",
      },
      Object {
        "chapter": "VERGUNNINGEN",
        "datePublished": "2020-07-01",
        "description": "Uw vergunningsaanvraag TVM - RVV - Object is niet verleend",
        "id": "vergunning-926876057-notification",
        "link": Object {
          "title": "Bekijk details",
          "to": "/vergunningen/detail/926876057",
        },
        "title": "Vergunningsaanvraag",
      },
      Object {
        "chapter": "VERGUNNINGEN",
        "datePublished": "2020-07-02",
        "description": "Uw vergunningsaanvraag TVM - RVV - Object is verleend",
        "id": "vergunning-3240785464-notification",
        "link": Object {
          "title": "Bekijk details",
          "to": "/vergunningen/detail/3240785464",
        },
        "title": "Vergunningsaanvraag",
      },
      Object {
        "chapter": "VERGUNNINGEN",
        "datePublished": "2020-06-24T00:00:00",
        "description": "Uw vergunningsaanvraag TVM - RVV - Object is geregistreerd",
        "id": "vergunning-1862294070-notification",
        "link": Object {
          "title": "Bekijk details",
          "to": "/vergunningen/detail/1862294070",
        },
        "title": "Vergunningsaanvraag",
      },
      Object {
        "chapter": "VERGUNNINGEN",
        "datePublished": "2020-06-24T00:00:00",
        "description": "Uw vergunningsaanvraag TVM - RVV - Object is geregistreerd",
        "id": "vergunning-881727095-notification",
        "link": Object {
          "title": "Bekijk details",
          "to": "/vergunningen/detail/881727095",
        },
        "title": "Vergunningsaanvraag",
      },
      Object {
        "chapter": "VERGUNNINGEN",
        "datePublished": "2020-06-24T00:00:00",
        "description": "Uw vergunningsaanvraag TVM - RVV - Object is geregistreerd",
        "id": "vergunning-1619362356-notification",
        "link": Object {
          "title": "Bekijk details",
          "to": "/vergunningen/detail/1619362356",
        },
        "title": "Vergunningsaanvraag",
      },
      Object {
        "chapter": "VERGUNNINGEN",
        "datePublished": "2020-06-24T00:00:00",
        "description": "Uw vergunningsaanvraag TVM - RVV - Object is geregistreerd",
        "id": "vergunning-638795381-notification",
        "link": Object {
          "title": "Bekijk details",
          "to": "/vergunningen/detail/638795381",
        },
        "title": "Vergunningsaanvraag",
      },
      Object {
        "chapter": "VERGUNNINGEN",
        "datePublished": "2020-06-24T00:00:00",
        "description": "Uw vergunningsaanvraag TVM - RVV - Object is geregistreerd",
        "id": "vergunning-1608378930-notification",
        "link": Object {
          "title": "Bekijk details",
          "to": "/vergunningen/detail/1608378930",
        },
        "title": "Vergunningsaanvraag",
      },
      Object {
        "chapter": "VERGUNNINGEN",
        "datePublished": "2020-06-25",
        "description": "Uw vergunningsaanvraag TVM - RVV - Object is verleend",
        "id": "vergunning-2952768564-notification",
        "link": Object {
          "title": "Bekijk details",
          "to": "/vergunningen/detail/2952768564",
        },
        "title": "Vergunningsaanvraag",
      },
      Object {
        "chapter": "VERGUNNINGEN",
        "datePublished": "2020-06-08T00:00:00",
        "description": "Uw vergunningsaanvraag TVM - RVV - Object is geregistreerd",
        "id": "vergunning-4043653692-notification",
        "link": Object {
          "title": "Bekijk details",
          "to": "/vergunningen/detail/4043653692",
        },
        "title": "Vergunningsaanvraag",
      },
      Object {
        "chapter": "VERGUNNINGEN",
        "datePublished": "2020-05-06T00:00:00",
        "description": "Uw vergunningsaanvraag TVM - RVV - Object is geregistreerd",
        "id": "vergunning-211045982-notification",
        "link": Object {
          "title": "Bekijk details",
          "to": "/vergunningen/detail/211045982",
        },
        "title": "Vergunningsaanvraag",
      },
      Object {
        "chapter": "VERGUNNINGEN",
        "datePublished": "2020-05-03T00:00:00",
        "description": "Uw vergunningsaanvraag TVM - RVV - Object is geregistreerd",
        "id": "vergunning-2226696250-notification",
        "link": Object {
          "title": "Bekijk details",
          "to": "/vergunningen/detail/2226696250",
        },
        "title": "Vergunningsaanvraag",
      },
      Object {
        "chapter": "VERGUNNINGEN",
        "datePublished": "2019-12-05",
        "description": "Uw vergunningsaanvraag TVM - RVV - Object is verleend",
        "id": "vergunning-2618219588-notification",
        "link": Object {
          "title": "Bekijk details",
          "to": "/vergunningen/detail/2618219588",
        },
        "title": "Vergunningsaanvraag",
      },
      Object {
        "chapter": "VERGUNNINGEN",
        "datePublished": "2019-06-21",
        "description": "Uw vergunningsaanvraag TVM - RVV - Object is verleend",
        "id": "vergunning-4195945502-notification",
        "link": Object {
          "title": "Bekijk details",
          "to": "/vergunningen/detail/4195945502",
        },
        "title": "Vergunningsaanvraag",
      },
    ],
  },
  "status": "OK",
}
`;

exports[`Vergunningen service should format data correctly 1`] = `
Array [
  Object {
    "caseType": "TVM - RVV - Object",
    "dateDecision": "2020-07-02",
    "dateEnd": undefined,
    "dateFrom": "2020-07-02",
    "dateRequest": "2020-06-24T00:00:00",
    "decision": "Verleend",
    "documentsUrl": "/api/decosjoin/listdocuments/gAAAAABfOl8BFgweMqwmY9tcEAPAxQWJ9SBWhDTQ7AJiil0gZugQ37PC4I3f2fLEwmClmh59sYy3i4olBXM2uMWNzxrigD01Xuf7vL3DFuVp4c8SK_tj6nLLrf4QyGq1SqNESYjPTW_n",
    "id": "1515509663",
    "identifier": "Z/20/1597204",
    "isActual": false,
    "kenteken": null,
    "link": Object {
      "title": "Z/20/1597204",
      "to": "/vergunningen/detail/1515509663",
    },
    "location": "Reguliersdwarsstraat 63 1012AA",
    "status": "Afgehandeld",
    "timeEnd": null,
    "timeStart": null,
    "title": "Slopen",
  },
  Object {
    "caseType": "TVM - RVV - Object",
    "dateDecision": "2020-06-24",
    "dateEnd": undefined,
    "dateFrom": "2020-07-02",
    "dateRequest": "2020-06-24T00:00:00",
    "decision": "Ingetrokken",
    "documentsUrl": "/api/decosjoin/listdocuments/gAAAAABfOl8BiDeLiZclCHUeM8wRTQL6CJwTD7eXL51f6WoMs7EydDB-R8wCFKNXOHAeqpkOsPJOo9ZxkNyKiY12t-v5O6v4w3eDWkv3KX6jVzlog5j3MnfThjZj58Eg2arrp_Ka3RAi",
    "id": "3607311896",
    "identifier": "Z/20/1597203",
    "isActual": false,
    "kenteken": null,
    "link": Object {
      "title": "Z/20/1597203",
      "to": "/vergunningen/detail/3607311896",
    },
    "location": "Arent Janszoon Ernststraat 780 1012AA",
    "status": "Afgehandeld",
    "timeEnd": null,
    "timeStart": null,
    "title": "TVM / 3 PV - Arent Janszoon Ernststraat 780",
  },
  Object {
    "caseType": "TVM - RVV - Object",
    "dateDecision": "2020-07-01",
    "dateEnd": undefined,
    "dateFrom": "2020-07-02",
    "dateRequest": "2020-06-24T00:00:00",
    "decision": "Niet verleend",
    "documentsUrl": "/api/decosjoin/listdocuments/gAAAAABfOl8B4fWrQkMPX107g6Z4ZpDvW5saWPO4TFZVRxnvRNz925dUwzwMUoqk4PR4b9vY46ixhPgPxePH-cPJdPjVgVuq_co3hd8fxnBo8Ujnbqn1gOHo150Hi8jrJQiu5wZZ9s9d",
    "id": "926876057",
    "identifier": "Z/20/1597202",
    "isActual": false,
    "kenteken": null,
    "link": Object {
      "title": "Z/20/1597202",
      "to": "/vergunningen/detail/926876057",
    },
    "location": "Arent Janszoon Ernststraat 779 1012AA",
    "status": "Afgehandeld",
    "timeEnd": null,
    "timeStart": null,
    "title": "Arent Janszoon Ernststraat 779 1012AA",
  },
  Object {
    "caseType": "TVM - RVV - Object",
    "dateDecision": "2020-07-02",
    "dateEnd": undefined,
    "dateFrom": "2020-07-02",
    "dateRequest": "2020-06-24T00:00:00",
    "decision": "Verleend",
    "documentsUrl": "/api/decosjoin/listdocuments/gAAAAABfOl8B_A_8N0kRa61AnaFx1ukkOJkS9i9BL3aNqOPE_yiAs_J9GtwMkpKOUZKqg3kosfrmo-Afun2a9zJ3zxfSnS56I6qXWNstP6_T2Q71O104D-S0_E7Noct6AZkqLXod3cAx",
    "id": "3240785464",
    "identifier": "Z/20/1597199",
    "isActual": false,
    "kenteken": null,
    "link": Object {
      "title": "Z/20/1597199",
      "to": "/vergunningen/detail/3240785464",
    },
    "location": "Arent Janszoon Ernststraat 777 1012AA",
    "status": "Afgehandeld",
    "timeEnd": null,
    "timeStart": null,
    "title": "TVM / 3 PV - Arent Janszoon Ernststraat 777",
  },
  Object {
    "caseType": "TVM - RVV - Object",
    "dateDecision": null,
    "dateEnd": undefined,
    "dateFrom": "2020-07-02",
    "dateRequest": "2020-06-24T00:00:00",
    "decision": null,
    "documentsUrl": "/api/decosjoin/listdocuments/gAAAAABfOl8BU7XXFMtejAqUADchRf4mU6mk83QMNmDMN8RxeWpfk59BR5Tqhlpu1LuPq8ShlB7WPn_TWrKHiqaJQ2T-iphE4vI7gwuA95zfZm48U-82dnsSDWt5ejakNe_5MY_e6mqk",
    "id": "1862294070",
    "identifier": "Z/20/1597197",
    "isActual": false,
    "kenteken": null,
    "link": Object {
      "title": "Z/20/1597197",
      "to": "/vergunningen/detail/1862294070",
    },
    "location": "Bloemstraat 5 1012AA",
    "status": "Advies beheer",
    "timeEnd": null,
    "timeStart": null,
    "title": "Wij gaan verbouwen aan de Bloemstraat 5",
  },
  Object {
    "caseType": "TVM - RVV - Object",
    "dateDecision": null,
    "dateEnd": undefined,
    "dateFrom": "2020-07-02",
    "dateRequest": "2020-06-24T00:00:00",
    "decision": null,
    "documentsUrl": "/api/decosjoin/listdocuments/gAAAAABfOl8BKIvxUYeub2oPpNueyL-1Lr5JdG-L2UPVG7jmPcDhUHyrb20Jjs_A_6UhQmGkh3mKq-WTe8pZae1zLWLvUE6fS2l0p_0Frv9ZbeUpv_1-6P6u8Wr6uDQoKvJdc2X9V4ig",
    "id": "881727095",
    "identifier": "Z/20/1597196",
    "isActual": false,
    "kenteken": null,
    "link": Object {
      "title": "Z/20/1597196",
      "to": "/vergunningen/detail/881727095",
    },
    "location": "Bloemstraat 4 1012AA",
    "status": "In behandeling",
    "timeEnd": null,
    "timeStart": null,
    "title": "Wij gaan verbouwen aan de Bloemstraat 4",
  },
  Object {
    "caseType": "TVM - RVV - Object",
    "dateDecision": null,
    "dateEnd": undefined,
    "dateFrom": null,
    "dateRequest": "2020-06-24T00:00:00",
    "decision": null,
    "documentsUrl": "/api/decosjoin/listdocuments/gAAAAABfOl8BhtvxVvOW-wWMN9EIaligBEXA8tfdmS4w5loQW0CGBaRc1PYq2UvN1ExiKf6KvDUtMR-RJSCibEwBGe40CQGzecXWnZ6pxxozbKCAHSvykOY80mKh4oTz7C0LOupYS0eD",
    "id": "1619362356",
    "identifier": "Z/20/1597195",
    "isActual": false,
    "kenteken": null,
    "link": Object {
      "title": "Z/20/1597195",
      "to": "/vergunningen/detail/1619362356",
    },
    "location": "Driemondweg 21 1108AJ Amsterdam",
    "status": "Toewijzen",
    "timeEnd": null,
    "timeStart": null,
    "title": "Nellestein RVV ontheffing",
  },
  Object {
    "caseType": "TVM - RVV - Object",
    "dateDecision": null,
    "dateEnd": undefined,
    "dateFrom": "2020-07-02",
    "dateRequest": "2020-06-24T00:00:00",
    "decision": null,
    "documentsUrl": "/api/decosjoin/listdocuments/gAAAAABfOl8BuecgJVZzmn4vhcgyf_i5p7FHNmBlNMFkghsSXB5EGR7DSoxRzJrhQsz7aJH5vcZqPp75NkeSoFfnpa_kdEeGmJGD-PlOEwAuMWTnURUsJbVEZqT0FpauMSbXtoQBIuV9",
    "id": "638795381",
    "identifier": "Z/20/1597194",
    "isActual": false,
    "kenteken": null,
    "link": Object {
      "title": "Z/20/1597194",
      "to": "/vergunningen/detail/638795381",
    },
    "location": "Amstel 1 1012AA",
    "status": "Ontvangen",
    "timeEnd": null,
    "timeStart": null,
    "title": "Wij gaan verbouwen aan de Bloemstraat 2",
  },
  Object {
    "caseType": "TVM - RVV - Object",
    "dateDecision": null,
    "dateEnd": undefined,
    "dateFrom": "2020-07-02",
    "dateRequest": "2020-06-24T00:00:00",
    "decision": null,
    "documentsUrl": "/api/decosjoin/listdocuments/gAAAAABfOl8BWLAyCzcMXN2ka4zd53kLAyOrzH9cDI973pm6FhX-P4YMZOz4prQoB-dmQvnDiI9XGTj1QuJ0Sf9e3EdaQhi0cfWQN12yHPFtCVDI-vzwqYyqyUA3D3oymYAGV4Gj4Ao_",
    "id": "1608378930",
    "identifier": "Z/20/1597193",
    "isActual": false,
    "kenteken": null,
    "link": Object {
      "title": "Z/20/1597193",
      "to": "/vergunningen/detail/1608378930",
    },
    "location": "Amstel 1 1012AA",
    "status": "Ontvangen",
    "timeEnd": null,
    "timeStart": null,
    "title": "Wij gaan verbouwen aan de Bloemstraat 26 h. Wij willen hiervoor graag 2 parkeervakken reserveren om materialen / container op te plaatsen.",
  },
  Object {
    "caseType": "TVM - RVV - Object",
    "dateDecision": "2020-06-25",
    "dateEnd": undefined,
    "dateFrom": "2020-06-25",
    "dateRequest": "2020-06-17T00:00:00",
    "decision": "Verleend",
    "documentsUrl": "/api/decosjoin/listdocuments/gAAAAABfOl8Bxt50lUmw-jZeIOfylCtPmPKVAIOxxKgRDvhW0Xij-Bu7mYt-NmTQPQOAYZXgXKzc7uS3khLECSDdY1SCXWEWBYplEWxbf5i-X30L35OYysNq2enC6S8_yUllByC6d4Vx",
    "id": "2952768564",
    "identifier": "Z/20/1595179",
    "isActual": false,
    "kenteken": null,
    "link": Object {
      "title": "Z/20/1595179",
      "to": "/vergunningen/detail/2952768564",
    },
    "location": null,
    "status": "Afgehandeld",
    "timeEnd": null,
    "timeStart": null,
    "title": "SB RVV ontheffing hele stad",
  },
  Object {
    "caseType": "TVM - RVV - Object",
    "dateDecision": null,
    "dateEnd": undefined,
    "dateFrom": "2020-06-16",
    "dateRequest": "2020-06-08T00:00:00",
    "decision": null,
    "documentsUrl": "/api/decosjoin/listdocuments/gAAAAABfOl8BIIOcTuSpya8IJbec2HN4wysWP0TYaSTWrhJFfdhxmjMSOwSSxrftbBrxEBihptB79Qet5fQmIazTsSISGE1u1EH2j8HNTK5lpLgMcDdSM6mMr_bOxSgERrdLq_R5gfJ4",
    "id": "4043653692",
    "identifier": "Z/20/1592761",
    "isActual": false,
    "kenteken": null,
    "link": Object {
      "title": "Z/20/1592761",
      "to": "/vergunningen/detail/4043653692",
    },
    "location": null,
    "status": "Ontvangen",
    "timeEnd": null,
    "timeStart": null,
    "title": "SB RVV ontheffing hele stad",
  },
  Object {
    "caseType": "TVM - RVV - Object",
    "dateDecision": null,
    "dateEnd": undefined,
    "dateFrom": null,
    "dateRequest": "2020-05-06T00:00:00",
    "decision": null,
    "documentsUrl": "/api/decosjoin/listdocuments/gAAAAABfOl8B-EPXmsTiPd7xeeqSRrKWidEyvRnMIZSE46Lp1kN85LcSlEAsD5RVh3BsYQGYauwTkIGmLhNc1bq-3p6cFUGMcGxhY9b6bVpSEBwRD0aRDPorY19s9usWhMrc8mahs-4s",
    "id": "211045982",
    "identifier": "Z/20/1592552",
    "isActual": false,
    "kenteken": null,
    "link": Object {
      "title": "Z/20/1592552",
      "to": "/vergunningen/detail/211045982",
    },
    "location": "Lopikhof 1 1108GH Amsterdam",
    "status": "Ontvangen",
    "timeEnd": null,
    "timeStart": null,
    "title": "Nellestein RVV ontheffing",
  },
  Object {
    "caseType": "TVM - RVV - Object",
    "dateDecision": null,
    "dateEnd": undefined,
    "dateFrom": null,
    "dateRequest": "2020-05-03T00:00:00",
    "decision": null,
    "documentsUrl": "/api/decosjoin/listdocuments/gAAAAABfOl8Bx6gGMpuZivIQUZcz1H6IJoWFP0j8l201bdqt9XsE-R_Ph0qr3kVGkUM6gPXqPmBFUHQHTy23IrxhYwk1pNuXXt4Cl5uAgonchVXFkFME-A4XBkLVsp0aS01JymCA9pkM",
    "id": "2226696250",
    "identifier": "Z/20/1592521",
    "isActual": false,
    "kenteken": null,
    "link": Object {
      "title": "Z/20/1592521",
      "to": "/vergunningen/detail/2226696250",
    },
    "location": null,
    "status": "Toewijzen",
    "timeEnd": null,
    "timeStart": null,
    "title": "7,5 ton ontheffing",
  },
  Object {
    "caseType": "TVM - RVV - Object",
    "dateDecision": "2019-12-05",
    "dateEnd": undefined,
    "dateFrom": "2019-12-19",
    "dateRequest": "2019-12-31T00:00:00",
    "decision": "Verleend",
    "documentsUrl": "/api/decosjoin/listdocuments/gAAAAABfOl8ByB3W0mG0jCmrdtu084W7_BnXX1zhJLkFQKNmbQXo6ZvID-WTv-8UkfjCfeaUXiakdwfewSy_EE9eie9uYcjBwgqZgeb_XcC9g2FiHthNcSVTTQO2Eg77-6-8xBmjREkJ",
    "id": "2618219588",
    "identifier": "Z/20/615500",
    "isActual": true,
    "kenteken": "A00348",
    "link": Object {
      "title": "Z/20/615500",
      "to": "/vergunningen/detail/2618219588",
    },
    "location": "Heel Amsterdam",
    "status": "Afgehandeld",
    "timeEnd": null,
    "timeStart": null,
    "title": "Bulkaanvraag door Raoul Verheezen t.b.v. Wagenpark (M-AMS1909 004195)",
  },
  Object {
    "caseType": "TVM - RVV - Object",
    "dateDecision": "2019-06-21",
    "dateEnd": undefined,
    "dateFrom": "2020-07-02",
    "dateRequest": "2019-06-13T00:00:00",
    "decision": "Verleend",
    "documentsUrl": "/api/decosjoin/listdocuments/gAAAAABfOl8BLWvZaJ12J4bVL-VMUrz1kwwMgPoCEV5Mj_MHRB0kkz_3yruaz8cOHvx0m5uSCxossChfjb-aGvS78Uq3vI_Mz_MPv0NIKdy9rL319pbzzCypdrn07wx5vR-bWmX0e1ka",
    "id": "4195945502",
    "identifier": "Z/20/1597205",
    "isActual": false,
    "kenteken": null,
    "link": Object {
      "title": "Z/20/1597205",
      "to": "/vergunningen/detail/4195945502",
    },
    "location": "Arent Janszoon Ernststraat 888 1012AA",
    "status": "Afgehandeld",
    "timeEnd": null,
    "timeStart": null,
    "title": "TVM / 3 PV - Arent Janszoon Ernststraat 888",
  },
]
`;
