// Jest Snapshot v1, https://goo.gl/fbAQLP

exports[`Vergunningen service FetchVergunningenGenerated: should respond with a success response 1`] = `
Object {
  "content": Object {
    "cases": Array [
      Object {
        "chapter": "VERGUNNINGEN",
        "datePublished": "2021-10-17",
        "id": "vergunning-4137452018-case",
        "link": Object {
          "title": "Bekijk hoe het met uw aanvraag staat",
          "to": "/vergunningen/detail/4137452018",
        },
        "title": "Vergunningsaanvraag Evenement melding Z/000/000003",
      },
      Object {
        "chapter": "VERGUNNINGEN",
        "datePublished": "2021-10-01",
        "id": "vergunning-3816162611-case",
        "link": Object {
          "title": "Bekijk hoe het met uw aanvraag staat",
          "to": "/vergunningen/detail/3816162611",
        },
        "title": "Vergunningsaanvraag Evenement melding Z/000/000002",
      },
      Object {
        "chapter": "VERGUNNINGEN",
        "datePublished": "2021-10-01",
        "id": "vergunning-881438386-case",
        "link": Object {
          "title": "Bekijk hoe het met uw aanvraag staat",
          "to": "/vergunningen/detail/881438386",
        },
        "title": "Vergunningsaanvraag Evenement vergunning Z/111/000002",
      },
      Object {
        "chapter": "VERGUNNINGEN",
        "datePublished": "2021-10-01",
        "id": "vergunning-3596778227-case",
        "link": Object {
          "title": "Bekijk hoe het met uw aanvraag staat",
          "to": "/vergunningen/detail/3596778227",
        },
        "title": "Vergunningsaanvraag Evenement vergunning Z/111/000003",
      },
      Object {
        "chapter": "VERGUNNINGEN",
        "datePublished": "2021-09-28",
        "id": "vergunning-3689417852-case",
        "link": Object {
          "title": "Bekijk hoe het met uw aanvraag staat",
          "to": "/vergunningen/detail/3689417852",
        },
        "title": "Vergunningsaanvraag Omzettingsvergunning Z/000/000001.b",
      },
      Object {
        "chapter": "VERGUNNINGEN",
        "datePublished": "2021-09-03",
        "id": "vergunning-4137452018-case",
        "link": Object {
          "title": "Bekijk hoe het met uw aanvraag staat",
          "to": "/vergunningen/detail/4137452018",
        },
        "title": "Vergunningsaanvraag E-RVV - TVM Z/000/000003",
      },
      Object {
        "chapter": "VERGUNNINGEN",
        "datePublished": "2021-09-03",
        "id": "vergunning-1726584505-case",
        "link": Object {
          "title": "Bekijk hoe het met uw aanvraag staat",
          "to": "/vergunningen/detail/1726584505",
        },
        "title": "Vergunningsaanvraag GPK Z/000/000008",
      },
      Object {
        "chapter": "VERGUNNINGEN",
        "datePublished": "2021-04-07",
        "id": "vergunning-2047873912-case",
        "link": Object {
          "title": "Bekijk hoe het met uw aanvraag staat",
          "to": "/vergunningen/detail/2047873912",
        },
        "title": "Vergunningsaanvraag GPP Z/000/000009",
      },
      Object {
        "chapter": "VERGUNNINGEN",
        "datePublished": "2021-03-28",
        "id": "vergunning-1467362160-case",
        "link": Object {
          "title": "Bekijk hoe het met uw aanvraag staat",
          "to": "/vergunningen/detail/1467362160",
        },
        "title": "Vergunningsaanvraag Omzettingsvergunning Z/000/000001",
      },
      Object {
        "chapter": "VERGUNNINGEN",
        "datePublished": "2020-06-24T00:00:00",
        "id": "vergunning-1370220470-case",
        "link": Object {
          "title": "Bekijk hoe het met uw aanvraag staat",
          "to": "/vergunningen/detail/1370220470",
        },
        "title": "Vergunningsaanvraag Parkeerontheffingen Blauwe zone particulieren Z/21/1500000",
      },
      Object {
        "chapter": "VERGUNNINGEN",
        "datePublished": "2020-06-24T00:00:00",
        "id": "vergunning-1679118357-case",
        "link": Object {
          "title": "Bekijk hoe het met uw aanvraag staat",
          "to": "/vergunningen/detail/1679118357",
        },
        "title": "Vergunningsaanvraag Parkeerontheffingen Blauwe zone bedrijven Z/21/1600000",
      },
      Object {
        "chapter": "VERGUNNINGEN",
        "datePublished": "2020-06-24T00:00:00",
        "id": "vergunning-1515509663-case",
        "link": Object {
          "title": "Bekijk hoe het met uw aanvraag staat",
          "to": "/vergunningen/detail/1515509663",
        },
        "title": "Vergunningsaanvraag TVM - RVV - Object Z/20/1597204",
      },
      Object {
        "chapter": "VERGUNNINGEN",
        "datePublished": "2020-06-24T00:00:00",
        "id": "vergunning-3607311896-case",
        "link": Object {
          "title": "Bekijk hoe het met uw aanvraag staat",
          "to": "/vergunningen/detail/3607311896",
        },
        "title": "Vergunningsaanvraag TVM - RVV - Object Z/20/1597203",
      },
      Object {
        "chapter": "VERGUNNINGEN",
        "datePublished": "2020-06-24T00:00:00",
        "id": "vergunning-926876057-case",
        "link": Object {
          "title": "Bekijk hoe het met uw aanvraag staat",
          "to": "/vergunningen/detail/926876057",
        },
        "title": "Vergunningsaanvraag TVM - RVV - Object Z/20/1597202",
      },
      Object {
        "chapter": "VERGUNNINGEN",
        "datePublished": "2020-06-24T00:00:00",
        "id": "vergunning-3240785464-case",
        "link": Object {
          "title": "Bekijk hoe het met uw aanvraag staat",
          "to": "/vergunningen/detail/3240785464",
        },
        "title": "Vergunningsaanvraag TVM - RVV - Object Z/20/1597199",
      },
      Object {
        "chapter": "VERGUNNINGEN",
        "datePublished": "2020-06-24T00:00:00",
        "id": "vergunning-1862294070-case",
        "link": Object {
          "title": "Bekijk hoe het met uw aanvraag staat",
          "to": "/vergunningen/detail/1862294070",
        },
        "title": "Vergunningsaanvraag TVM - RVV - Object Z/20/1597197",
      },
      Object {
        "chapter": "VERGUNNINGEN",
        "datePublished": "2020-06-24T00:00:00",
        "id": "vergunning-881727095-case",
        "link": Object {
          "title": "Bekijk hoe het met uw aanvraag staat",
          "to": "/vergunningen/detail/881727095",
        },
        "title": "Vergunningsaanvraag TVM - RVV - Object Z/20/1597196",
      },
      Object {
        "chapter": "VERGUNNINGEN",
        "datePublished": "2020-06-24T00:00:00",
        "id": "vergunning-1619362356-case",
        "link": Object {
          "title": "Bekijk hoe het met uw aanvraag staat",
          "to": "/vergunningen/detail/1619362356",
        },
        "title": "Vergunningsaanvraag TVM - RVV - Object Z/20/1597195",
      },
      Object {
        "chapter": "VERGUNNINGEN",
        "datePublished": "2020-06-24T00:00:00",
        "id": "vergunning-638795381-case",
        "link": Object {
          "title": "Bekijk hoe het met uw aanvraag staat",
          "to": "/vergunningen/detail/638795381",
        },
        "title": "Vergunningsaanvraag TVM - RVV - Object Z/20/1597194",
      },
      Object {
        "chapter": "VERGUNNINGEN",
        "datePublished": "2020-06-24T00:00:00",
        "id": "vergunning-1608378930-case",
        "link": Object {
          "title": "Bekijk hoe het met uw aanvraag staat",
          "to": "/vergunningen/detail/1608378930",
        },
        "title": "Vergunningsaanvraag TVM - RVV - Object Z/20/1597193",
      },
      Object {
        "chapter": "VERGUNNINGEN",
        "datePublished": "2020-06-17T00:00:00",
        "id": "vergunning-2952768564-case",
        "link": Object {
          "title": "Bekijk hoe het met uw aanvraag staat",
          "to": "/vergunningen/detail/2952768564",
        },
        "title": "Vergunningsaanvraag TVM - RVV - Object Z/20/1595179",
      },
      Object {
        "chapter": "VERGUNNINGEN",
        "datePublished": "2020-06-08T00:00:00",
        "id": "vergunning-4043653692-case",
        "link": Object {
          "title": "Bekijk hoe het met uw aanvraag staat",
          "to": "/vergunningen/detail/4043653692",
        },
        "title": "Vergunningsaanvraag TVM - RVV - Object Z/20/1592761",
      },
      Object {
        "chapter": "VERGUNNINGEN",
        "datePublished": "2020-05-03T00:00:00",
        "id": "vergunning-2226696250-case",
        "link": Object {
          "title": "Bekijk hoe het met uw aanvraag staat",
          "to": "/vergunningen/detail/2226696250",
        },
        "title": "Vergunningsaanvraag TVM - RVV - Object Z/20/1592521",
      },
    ],
    "notifications": Array [
      Object {
        "chapter": "VERGUNNINGEN",
        "datePublished": "2021-10-17",
        "description": "Uw Evenement melding is in behandeling genomen.",
        "id": "vergunning-4137452018-notification",
        "link": Object {
          "title": "Bekijk details",
          "to": "/vergunningen/detail/4137452018",
        },
        "title": "Evenement melding in behandeling",
      },
      Object {
        "chapter": "VERGUNNINGEN",
        "datePublished": "2021-10-17",
        "description": "Uw Evenement melding is afgehandeld.",
        "id": "vergunning-3816162611-notification",
        "link": Object {
          "title": "Bekijk details",
          "to": "/vergunningen/detail/3816162611",
        },
        "title": "Evenement melding afgehandeld",
      },
      Object {
        "chapter": "VERGUNNINGEN",
        "datePublished": "2021-10-17",
        "description": "Uw vergunningsaanvraag Evenement vergunning is afgehandeld.",
        "id": "vergunning-881438386-notification",
        "link": Object {
          "title": "Bekijk details",
          "to": "/vergunningen/detail/881438386",
        },
        "title": "Evenement vergunning afgehandeld",
      },
      Object {
        "chapter": "VERGUNNINGEN",
        "datePublished": "2021-10-01",
        "description": "Uw vergunningsaanvraag Evenement vergunning is ontvangen.",
        "id": "vergunning-3596778227-notification",
        "link": Object {
          "title": "Bekijk details",
          "to": "/vergunningen/detail/3596778227",
        },
        "title": "Evenement vergunning ontvangen",
      },
      Object {
        "chapter": "VERGUNNINGEN",
        "datePublished": "2021-10-08",
        "description": "Uw vergunningsaanvraag Vergunning voor kamerverhuur (omzettingsvergunning) is in behandeling genomen.",
        "id": "vergunning-3689417852-notification",
        "link": Object {
          "title": "Bekijk details",
          "to": "/vergunningen/detail/3689417852",
        },
        "title": "Vergunning voor kamerverhuur (omzettingsvergunning) in behandeling",
      },
      Object {
        "chapter": "VERGUNNINGEN",
        "datePublished": "2021-09-03",
        "description": "Uw vergunningsaanvraag e-RVV (Gratis verkeersontheffing voor elektrisch goederenvervoer) is in behandeling genomen.",
        "id": "vergunning-4137452018-notification",
        "link": Object {
          "title": "Bekijk details",
          "to": "/vergunningen/detail/4137452018",
        },
        "title": "e-RVV (Gratis verkeersontheffing voor elektrisch goederenvervoer) in behandeling",
      },
      Object {
        "chapter": "VERGUNNINGEN",
        "datePublished": "2021-07-06",
        "description": "Uw Europse gehandicaptenparkeerkaart (GPK) loopt binnenkort af.",
        "id": "vergunning-1726584505-notification",
        "link": Object {
          "title": "Vraag tijdig een nieuwe vergunning aan",
          "to": "https://formulieren.amsterdam.nl/TripleForms/DirectRegelen/formulier/nl-NL/evAmsterdam/GehandicaptenParkeerKaartAanvraag.aspx",
        },
        "title": "Uw GPK loopt af",
      },
      Object {
        "chapter": "VERGUNNINGEN",
        "datePublished": "2021-04-07",
        "description": "Uw vergunningsaanvraag Vaste parkeerplaats voor gehandicapten (GPP) is in behandeling genomen.",
        "id": "vergunning-2047873912-notification",
        "link": Object {
          "title": "Bekijk details",
          "to": "/vergunningen/detail/2047873912",
        },
        "title": "GPP in behandeling",
      },
      Object {
        "chapter": "VERGUNNINGEN",
        "datePublished": "2021-03-28",
        "description": "Uw vergunningsaanvraag Vergunning voor kamerverhuur (omzettingsvergunning) is geregistreerd.",
        "id": "vergunning-1467362160-notification",
        "link": Object {
          "title": "Bekijk details",
          "to": "/vergunningen/detail/1467362160",
        },
        "title": "Vergunning voor kamerverhuur (omzettingsvergunning) ontvangen",
      },
      Object {
        "chapter": "VERGUNNINGEN",
        "datePublished": "2021-07-02",
        "description": "Uw Parkeerontheffingen Blauwe zone particulieren is verlopen.",
        "id": "vergunning-1370220470-notification",
        "link": Object {
          "title": "Vraag zonodig een nieuwe vergunning aan",
          "to": "https://www.amsterdam.nl/veelgevraagd/?productid=%7B1153113D-FA40-4EB0-8132-84E99746D7B0%7D",
        },
        "title": "Uw Parkeerontheffingen Blauwe zone particulieren is verlopen",
      },
      Object {
        "chapter": "VERGUNNINGEN",
        "datePublished": "2021-06-02",
        "description": "Uw vergunningsaanvraag voor een Parkeerontheffingen Blauwe zone bedrijven is afgehandeld.",
        "id": "vergunning-1679118357-notification",
        "link": Object {
          "title": "Bekijk details",
          "to": "/vergunningen/detail/1679118357",
        },
        "title": "Parkeerontheffingen Blauwe zone bedrijven afgehandeld",
      },
      Object {
        "chapter": "VERGUNNINGEN",
        "datePublished": "2020-07-02",
        "description": "Uw vergunningsaanvraag Tijdelijke verkeersmaatregel is afgehandeld.",
        "id": "vergunning-1515509663-notification",
        "link": Object {
          "title": "Bekijk details",
          "to": "/vergunningen/detail/1515509663",
        },
        "title": "Tijdelijke verkeersmaatregel afgehandeld",
      },
      Object {
        "chapter": "VERGUNNINGEN",
        "datePublished": "2020-06-24",
        "description": "Uw vergunningsaanvraag Tijdelijke verkeersmaatregel is afgehandeld.",
        "id": "vergunning-3607311896-notification",
        "link": Object {
          "title": "Bekijk details",
          "to": "/vergunningen/detail/3607311896",
        },
        "title": "Tijdelijke verkeersmaatregel afgehandeld",
      },
      Object {
        "chapter": "VERGUNNINGEN",
        "datePublished": "2020-07-01",
        "description": "Uw vergunningsaanvraag Tijdelijke verkeersmaatregel is afgehandeld.",
        "id": "vergunning-926876057-notification",
        "link": Object {
          "title": "Bekijk details",
          "to": "/vergunningen/detail/926876057",
        },
        "title": "Tijdelijke verkeersmaatregel afgehandeld",
      },
      Object {
        "chapter": "VERGUNNINGEN",
        "datePublished": "2020-07-02",
        "description": "Uw vergunningsaanvraag Tijdelijke verkeersmaatregel is afgehandeld.",
        "id": "vergunning-3240785464-notification",
        "link": Object {
          "title": "Bekijk details",
          "to": "/vergunningen/detail/3240785464",
        },
        "title": "Tijdelijke verkeersmaatregel afgehandeld",
      },
      Object {
        "chapter": "VERGUNNINGEN",
        "datePublished": "2020-06-24T00:00:00",
        "description": "Uw vergunningsaanvraag Tijdelijke verkeersmaatregel is in behandeling genomen.",
        "id": "vergunning-1862294070-notification",
        "link": Object {
          "title": "Bekijk details",
          "to": "/vergunningen/detail/1862294070",
        },
        "title": "Tijdelijke verkeersmaatregel in behandeling",
      },
      Object {
        "chapter": "VERGUNNINGEN",
        "datePublished": "2020-06-24T00:00:00",
        "description": "Uw vergunningsaanvraag Tijdelijke verkeersmaatregel is in behandeling genomen.",
        "id": "vergunning-881727095-notification",
        "link": Object {
          "title": "Bekijk details",
          "to": "/vergunningen/detail/881727095",
        },
        "title": "Tijdelijke verkeersmaatregel in behandeling",
      },
      Object {
        "chapter": "VERGUNNINGEN",
        "datePublished": "2020-06-24T00:00:00",
        "description": "Uw vergunningsaanvraag Tijdelijke verkeersmaatregel is in behandeling genomen.",
        "id": "vergunning-1619362356-notification",
        "link": Object {
          "title": "Bekijk details",
          "to": "/vergunningen/detail/1619362356",
        },
        "title": "Tijdelijke verkeersmaatregel in behandeling",
      },
      Object {
        "chapter": "VERGUNNINGEN",
        "datePublished": "2020-06-24T00:00:00",
        "description": "Uw vergunningsaanvraag Tijdelijke verkeersmaatregel is in behandeling genomen.",
        "id": "vergunning-638795381-notification",
        "link": Object {
          "title": "Bekijk details",
          "to": "/vergunningen/detail/638795381",
        },
        "title": "Tijdelijke verkeersmaatregel in behandeling",
      },
      Object {
        "chapter": "VERGUNNINGEN",
        "datePublished": "2020-06-24T00:00:00",
        "description": "Uw vergunningsaanvraag Tijdelijke verkeersmaatregel is in behandeling genomen.",
        "id": "vergunning-1608378930-notification",
        "link": Object {
          "title": "Bekijk details",
          "to": "/vergunningen/detail/1608378930",
        },
        "title": "Tijdelijke verkeersmaatregel in behandeling",
      },
      Object {
        "chapter": "VERGUNNINGEN",
        "datePublished": "2020-06-25",
        "description": "Uw vergunningsaanvraag Tijdelijke verkeersmaatregel is afgehandeld.",
        "id": "vergunning-2952768564-notification",
        "link": Object {
          "title": "Bekijk details",
          "to": "/vergunningen/detail/2952768564",
        },
        "title": "Tijdelijke verkeersmaatregel afgehandeld",
      },
      Object {
        "chapter": "VERGUNNINGEN",
        "datePublished": "2020-06-08T00:00:00",
        "description": "Uw vergunningsaanvraag Tijdelijke verkeersmaatregel is in behandeling genomen.",
        "id": "vergunning-4043653692-notification",
        "link": Object {
          "title": "Bekijk details",
          "to": "/vergunningen/detail/4043653692",
        },
        "title": "Tijdelijke verkeersmaatregel in behandeling",
      },
      Object {
        "chapter": "VERGUNNINGEN",
        "datePublished": "2020-05-03T00:00:00",
        "description": "Uw vergunningsaanvraag Tijdelijke verkeersmaatregel is in behandeling genomen.",
        "id": "vergunning-2226696250-notification",
        "link": Object {
          "title": "Bekijk details",
          "to": "/vergunningen/detail/2226696250",
        },
        "title": "Tijdelijke verkeersmaatregel in behandeling",
      },
    ],
  },
  "status": "OK",
}
`;

exports[`Vergunningen service should format data correctly 1`] = `
Array [
  Object {
    "activities": "Dansen en plezier maken",
    "caseType": "Evenement melding",
    "dateDecision": null,
    "dateEnd": "2021-10-13",
    "dateRequest": "2021-10-17",
    "dateStart": "2021-10-13",
    "decision": null,
    "description": "Amstel 1 Evenement melding",
    "eventType": "Dance evenement",
    "id": "4137452018",
    "identifier": "Z/000/000003",
    "location": "Amstel 1 1011PN Amsterdam",
    "status": "Ontvangen",
    "timeEnd": "11:00",
    "timeStart": "08:00",
    "title": "Evenement melding",
    "visitorCount": "3.000",
  },
  Object {
    "activities": "Dansen en plezier maken",
    "caseType": "Evenement melding",
    "dateDecision": "2021-10-17",
    "dateEnd": "2021-10-13",
    "dateRequest": "2021-10-01",
    "dateStart": "2021-10-13",
    "decision": "Gemeld",
    "description": "Amstel 1 Evenement melding",
    "eventType": "Dance evenement",
    "id": "3816162611",
    "identifier": "Z/000/000002",
    "location": "Amstel 1 1011PN Amsterdam",
    "status": "Afgehandeld",
    "timeEnd": "11:00",
    "timeStart": "08:00",
    "title": "Evenement melding",
    "visitorCount": "3.000",
  },
  Object {
    "caseType": "Evenement vergunning",
    "dateDecision": "2021-10-17",
    "dateEnd": "2021-10-13",
    "dateRequest": "2021-10-01",
    "dateStart": "2021-10-13",
    "decision": "Verleend",
    "description": "Amstel 1 Evenement vergunning",
    "id": "881438386",
    "identifier": "Z/111/000002",
    "location": "Amstel 1 1011PN Amsterdam",
    "status": "Afgehandeld",
    "timeEnd": "11:00",
    "timeStart": "08:00",
    "title": "Evenement vergunning",
  },
  Object {
    "caseType": "Evenement vergunning",
    "dateDecision": null,
    "dateEnd": "2021-10-13",
    "dateRequest": "2021-10-01",
    "dateStart": "2021-10-13",
    "decision": null,
    "description": "Amstel 1 Evenement vergunning",
    "id": "3596778227",
    "identifier": "Z/111/000003",
    "location": "Amstel 1 1011PN Amsterdam",
    "status": "Ontvangen",
    "timeEnd": "11:00",
    "timeStart": "08:00",
    "title": "Evenement vergunning",
  },
  Object {
    "caseType": "Omzettingsvergunning",
    "dateDecision": null,
    "dateRequest": "2021-09-28",
    "dateWorkflowActive": "2021-10-08",
    "decision": null,
    "description": "Amstel 1 Omzettingsvergunning voor het een en ander",
    "documentsUrl": "/api/decosjoin/listdocuments/no-documents",
    "id": "3689417852",
    "identifier": "Z/000/000001.b",
    "location": "Amstel 1 1017AB Amsterdam",
    "status": "In behandeling",
    "title": "Vergunning voor kamerverhuur (omzettingsvergunning)",
  },
  Object {
    "caseType": "E-RVV - TVM",
    "dateDecision": null,
    "dateEnd": "2022-09-28",
    "dateRequest": "2021-09-03",
    "dateStart": "2021-09-26",
    "decision": null,
    "description": "Amstel 1 E-RVV aanvraag",
    "documentsUrl": "/api/decosjoin/listdocuments/gAAAAABfOl8BFgweMqwmY9tcEAPAxQWJ9SBWhDTQ7AJiil0gZugQ37PC4I3f2fLEwmClmh59sYy3i4olBXM2uMWNzxrigD01Xuf7vL3DFuVp4c8SK_tj6nLLrf4QyGq1SqNESYjPTW_n",
    "id": "4137452018",
    "identifier": "Z/000/000003",
    "location": "Amstel 1 1017AB Amsterdam",
    "status": "Ontvangen",
    "timeEnd": "18:00",
    "timeStart": "10:00",
    "title": "e-RVV (Gratis verkeersontheffing voor elektrisch goederenvervoer)",
  },
  Object {
    "cardNumber": "1234567",
    "cardtype": "Bestuurder",
    "caseType": "GPK",
    "dateDecision": null,
    "dateEnd": "2021-10-06",
    "dateRequest": "2021-09-03",
    "decision": "Verleend",
    "description": "Amstel 1 GPK aanvraag",
    "documentsUrl": "/api/decosjoin/listdocuments/gAAAAABfOl8BFgweMqwmY9tcEAPAxQWJ9SBWhDTQ7AJiil0gZugQ37PC4I3f2fLEwmClmh59sYy3i4olBXM2uMWNzxrigD01Xuf7vL3DFuVp4c8SK_tj6nLLrf4QyGq1SqNESYjPTW_n",
    "id": "1726584505",
    "identifier": "Z/000/000008",
    "location": "Amstel 1 1017AB Amsterdam",
    "requestReason": "Men heeft iets nodig",
    "status": "Ontvangen",
    "title": "Europse gehandicaptenparkeerkaart (GPK)",
  },
  Object {
    "caseType": "B&B - vergunning",
    "dateDecision": null,
    "dateEnd": null,
    "dateRequest": "2021-06-05",
    "dateStart": null,
    "dateWorkflowActive": null,
    "decision": null,
    "description": "Amstel 1 B&B aanvraag vergunning",
    "documentsUrl": "/api/decosjoin/listdocuments/gAAAAABfOl8BFgweMqwmY9tcEAPAxQWJ9SBWhDTQ7AJiil0gZugQ37PC4I3f2fLEwmClmh59sYy3i4olBXM2uMWNzxrigD01Xuf7vL3DFuVp4c8SK_tj6nLLrf4QyGq1SqNESYjPTW_n",
    "id": "1822059029",
    "identifier": "Z/120/000007",
    "location": "Amstel 1 1017AB Amsterdam",
    "owner": "Jan Hendrik",
    "requester": "Jan Hendrik",
    "status": "Ontvangen",
    "title": "Vergunning bed & breakfast",
  },
  Object {
    "caseType": "Vakantieverhuur",
    "dateDecision": null,
    "dateEnd": "2021-06-12",
    "dateRequest": "2021-05-22",
    "dateStart": "2021-06-09",
    "decision": null,
    "description": "Amstel 1 Vakantieverhuur afmelding",
    "documentsUrl": "/api/decosjoin/listdocuments/gAAAAABfOl8BFgweMqwmY9tcEAPAxQWJ9SBWhDTQ7AJiil0gZugQ37PC4I3f2fLEwmClmh59sYy3i4olBXM2uMWNzxrigD01Xuf7vL3DFuVp4c8SK_tj6nLLrf4QyGq1SqNESYjPTW_n",
    "id": "418840466",
    "identifier": "Z/005/000006",
    "location": "Amstel 1 1017AB Amsterdam",
    "status": "Verleend",
    "title": "Geannuleerde verhuur",
  },
  Object {
    "caseType": "Vakantieverhuur",
    "dateDecision": null,
    "dateEnd": "2021-07-14",
    "dateRequest": "2021-05-10",
    "dateStart": "2021-07-10",
    "decision": null,
    "description": "Amstel 1 Vakantieverhuur 2",
    "documentsUrl": "/api/decosjoin/listdocuments/gAAAAABfOl8BFgweMqwmY9tcEAPAxQWJ9SBWhDTQ7AJiil0gZugQ37PC4I3f2fLEwmClmh59sYy3i4olBXM2uMWNzxrigD01Xuf7vL3DFuVp4c8SK_tj6nLLrf4QyGq1SqNESYjPTW_n",
    "id": "1064153142",
    "identifier": "Z/002/000005",
    "location": "Amstel 1 1017AB Amsterdam",
    "status": "Verleend",
    "title": "Geplande verhuur",
  },
  Object {
    "caseType": "Vakantieverhuur",
    "dateDecision": null,
    "dateEnd": "2029-07-14",
    "dateRequest": "2021-05-10",
    "dateStart": "2029-07-10",
    "decision": null,
    "description": "Amstel 1 Vakantieverhuur 3",
    "documentsUrl": "/api/decosjoin/listdocuments/gAAAAABfOl8BFgweMqwmY9tcEAPAxQWJ9SBWhDTQ7AJiil0gZugQ37PC4I3f2fLEwmClmh59sYy3i4olBXM2uMWNzxrigD01Xuf7vL3DFuVp4c8SK_tj6nLLrf4QyGq1SqNESYjPTW_n",
    "id": "3789386711",
    "identifier": "Z/003/000005",
    "location": "Amstel 1 1017AB Amsterdam",
    "status": "Verleend",
    "title": "Geplande verhuur",
  },
  Object {
    "caseType": "Vakantieverhuur",
    "dateDecision": null,
    "dateEnd": "2021-06-10",
    "dateRequest": "2021-05-10",
    "dateStart": "2021-06-05",
    "decision": null,
    "description": "Amstel 1 Vakantieverhuur afmelding",
    "documentsUrl": "/api/decosjoin/listdocuments/gAAAAABfOl8BFgweMqwmY9tcEAPAxQWJ9SBWhDTQ7AJiil0gZugQ37PC4I3f2fLEwmClmh59sYy3i4olBXM2uMWNzxrigD01Xuf7vL3DFuVp4c8SK_tj6nLLrf4QyGq1SqNESYjPTW_n",
    "id": "681181875",
    "identifier": "Z/004/000006",
    "location": "Amstel 1 1017AB Amsterdam",
    "status": "Verleend",
    "title": "Geannuleerde verhuur",
  },
  Object {
    "caseType": "Vakantieverhuur vergunningsaanvraag",
    "dateDecision": null,
    "dateEnd": "2020-05-31",
    "dateRequest": "2021-05-10",
    "dateStart": "2019-06-01",
    "decision": "Verleend",
    "description": "Amstel 1 Vakantieverhuur aanvraag vergunning",
    "documentsUrl": "/api/decosjoin/listdocuments/gAAAAABfOl8BFgweMqwmY9tcEAPAxQWJ9SBWhDTQ7AJiil0gZugQ37PC4I3f2fLEwmClmh59sYy3i4olBXM2uMWNzxrigD01Xuf7vL3DFuVp4c8SK_tj6nLLrf4QyGq1SqNESYjPTW_n",
    "id": "3996446261",
    "identifier": "Z/000/000040",
    "location": "Amstel 1 1017AB Amsterdam",
    "status": "Afgehandeld",
    "title": "Vergunning vakantieverhuur",
  },
  Object {
    "caseType": "Vakantieverhuur vergunningsaanvraag",
    "dateDecision": null,
    "dateEnd": "2021-05-31",
    "dateRequest": "2021-05-10",
    "dateStart": "2020-06-01",
    "decision": "Ingetrokken",
    "description": "Amstel 1 Vakantieverhuur aanvraag vergunning",
    "documentsUrl": "/api/decosjoin/listdocuments/gAAAAABfOl8BFgweMqwmY9tcEAPAxQWJ9SBWhDTQ7AJiil0gZugQ37PC4I3f2fLEwmClmh59sYy3i4olBXM2uMWNzxrigD01Xuf7vL3DFuVp4c8SK_tj6nLLrf4QyGq1SqNESYjPTW_n",
    "id": "3955280404",
    "identifier": "Z/001/000040",
    "location": "Amstel 1 1017AB Amsterdam",
    "status": "Afgehandeld",
    "title": "Vergunning vakantieverhuur",
  },
  Object {
    "caseType": "GPP",
    "dateDecision": null,
    "dateRequest": "2021-04-07",
    "decision": "Verleend",
    "description": "Amstel 1 GPP aanvraag",
    "documentsUrl": "/api/decosjoin/listdocuments/gAAAAABfOl8BFgweMqwmY9tcEAPAxQWJ9SBWhDTQ7AJiil0gZugQ37PC4I3f2fLEwmClmh59sYy3i4olBXM2uMWNzxrigD01Xuf7vL3DFuVp4c8SK_tj6nLLrf4QyGq1SqNESYjPTW_n",
    "id": "2047873912",
    "identifier": "Z/000/000009",
    "kenteken": "12-ghz-2",
    "location": "Amstel 1 1017AB Amsterdam",
    "status": "Ontvangen",
    "title": "Vaste parkeerplaats voor gehandicapten (GPP)",
  },
  Object {
    "caseType": "Omzettingsvergunning",
    "dateDecision": null,
    "dateRequest": "2021-03-28",
    "dateWorkflowActive": null,
    "decision": null,
    "description": "Amstel 1 Omzettingsvergunning voor het een en ander",
    "documentsUrl": "/api/decosjoin/listdocuments/gAAAAABfOl8BFgweMqwmY9tcEAPAxQWJ9SBWhDTQ7AJiil0gZugQ37PC4I3f2fLEwmClmh59sYy3i4olBXM2uMWNzxrigD01Xuf7vL3DFuVp4c8SK_tj6nLLrf4QyGq1SqNESYjPTW_n",
    "id": "1467362160",
    "identifier": "Z/000/000001",
    "location": "BBlap 1 1017AB Amsterdam",
    "status": "Ontvangen",
    "title": "Vergunning voor kamerverhuur (omzettingsvergunning)",
  },
  Object {
    "caseType": "Parkeerontheffingen Blauwe zone particulieren",
    "dateDecision": "2021-06-02",
    "dateEnd": "2021-07-02",
    "dateRequest": "2020-06-24T00:00:00",
    "dateStart": "2020-07-02",
    "decision": "Verleend",
    "documentsUrl": "/api/decosjoin/listdocuments/gAAAAABfOl8BFgweMqwmY9tcEAPAxQWJ9SBWhDTQ7AJiil0gZugQ37PC4I3f2fLEwmClmh59sYy3i4olBXM2uMWNzxrigD01Xuf7vL3DFuVp4c8SK_tj6nLLrf4QyGq1SqNESYjPTW_n",
    "id": "1370220470",
    "identifier": "Z/21/1500000",
    "kenteken": "A0-03-48N",
    "status": "Afgehandeld",
    "title": "Parkeerontheffingen Blauwe zone particulieren",
  },
  Object {
    "caseType": "Parkeerontheffingen Blauwe zone bedrijven",
    "companyName": "Haineken B.V.",
    "dateDecision": "2021-06-02",
    "dateEnd": "2022-07-02",
    "dateRequest": "2020-06-24T00:00:00",
    "dateStart": "2021-07-02",
    "decision": "Verleend",
    "documentsUrl": "/api/decosjoin/listdocuments/gAAAAABfOl8BFgweMqwmY9tcEAPAxQWJ9SBWhDTQ7AJiil0gZugQ37PC4I3f2fLEwmClmh59sYy3i4olBXM2uMWNzxrigD01Xuf7vL3DFuVp4c8SK_tj6nLLrf4QyGq1SqNESYjPTW_n",
    "id": "1679118357",
    "identifier": "Z/21/1600000",
    "status": "Afgehandeld",
    "title": "Parkeerontheffingen Blauwe zone bedrijven",
  },
  Object {
    "caseType": "TVM - RVV - Object",
    "dateDecision": "2020-07-02",
    "dateEnd": "2020-07-02",
    "dateRequest": "2020-06-24T00:00:00",
    "dateStart": "2020-07-02",
    "decision": "Verleend",
    "description": "Slopen",
    "documentsUrl": "/api/decosjoin/listdocuments/gAAAAABfOl8BFgweMqwmY9tcEAPAxQWJ9SBWhDTQ7AJiil0gZugQ37PC4I3f2fLEwmClmh59sYy3i4olBXM2uMWNzxrigD01Xuf7vL3DFuVp4c8SK_tj6nLLrf4QyGq1SqNESYjPTW_n",
    "id": "1515509663",
    "identifier": "Z/20/1597204",
    "kenteken": null,
    "location": "Reguliersdwarsstraat 63 1012AA",
    "status": "Afgehandeld",
    "timeEnd": "16:00",
    "timeStart": "10:00",
    "title": "Tijdelijke verkeersmaatregel",
  },
  Object {
    "caseType": "TVM - RVV - Object",
    "dateDecision": "2020-06-24",
    "dateEnd": "2022-07-02",
    "dateRequest": "2020-06-24T00:00:00",
    "dateStart": "2021-09-02",
    "decision": "Ingetrokken",
    "description": "TVM / 3 PV - Arent Janszoon Ernststraat 780",
    "documentsUrl": "/api/decosjoin/listdocuments/gAAAAABfOl8BiDeLiZclCHUeM8wRTQL6CJwTD7eXL51f6WoMs7EydDB-R8wCFKNXOHAeqpkOsPJOo9ZxkNyKiY12t-v5O6v4w3eDWkv3KX6jVzlog5j3MnfThjZj58Eg2arrp_Ka3RAi",
    "id": "3607311896",
    "identifier": "Z/20/1597203",
    "kenteken": null,
    "location": "Arent Janszoon Ernststraat 780 1012AA",
    "status": "Afgehandeld",
    "timeEnd": "16:00",
    "timeStart": "10:00",
    "title": "Tijdelijke verkeersmaatregel",
  },
  Object {
    "caseType": "TVM - RVV - Object",
    "dateDecision": "2020-07-01",
    "dateEnd": "2020-07-02",
    "dateRequest": "2020-06-24T00:00:00",
    "dateStart": "2020-07-02",
    "decision": "Niet verleend",
    "description": "Arent Janszoon Ernststraat 779 1012AA",
    "documentsUrl": "/api/decosjoin/listdocuments/gAAAAABfOl8B4fWrQkMPX107g6Z4ZpDvW5saWPO4TFZVRxnvRNz925dUwzwMUoqk4PR4b9vY46ixhPgPxePH-cPJdPjVgVuq_co3hd8fxnBo8Ujnbqn1gOHo150Hi8jrJQiu5wZZ9s9d",
    "id": "926876057",
    "identifier": "Z/20/1597202",
    "kenteken": null,
    "location": "Arent Janszoon Ernststraat 779 1012AA",
    "status": "Afgehandeld",
    "timeEnd": "16:00",
    "timeStart": "10:00",
    "title": "Tijdelijke verkeersmaatregel",
  },
  Object {
    "caseType": "TVM - RVV - Object",
    "dateDecision": "2020-07-02",
    "dateEnd": "2020-07-02",
    "dateRequest": "2020-06-24T00:00:00",
    "dateStart": "2020-07-02",
    "decision": "Verleend",
    "description": "TVM / 3 PV - Arent Janszoon Ernststraat 777",
    "documentsUrl": "/api/decosjoin/listdocuments/gAAAAABfOl8B_A_8N0kRa61AnaFx1ukkOJkS9i9BL3aNqOPE_yiAs_J9GtwMkpKOUZKqg3kosfrmo-Afun2a9zJ3zxfSnS56I6qXWNstP6_T2Q71O104D-S0_E7Noct6AZkqLXod3cAx",
    "id": "3240785464",
    "identifier": "Z/20/1597199",
    "kenteken": null,
    "location": "Arent Janszoon Ernststraat 777 1012AA",
    "status": "Afgehandeld",
    "timeEnd": "16:00",
    "timeStart": "10:00",
    "title": "Tijdelijke verkeersmaatregel",
  },
  Object {
    "caseType": "TVM - RVV - Object",
    "dateDecision": null,
    "dateEnd": "2020-07-02",
    "dateRequest": "2020-06-24T00:00:00",
    "dateStart": "2020-07-02",
    "decision": null,
    "description": "Wij gaan verbouwen aan de Bloemstraat 5",
    "documentsUrl": "/api/decosjoin/listdocuments/gAAAAABfOl8BU7XXFMtejAqUADchRf4mU6mk83QMNmDMN8RxeWpfk59BR5Tqhlpu1LuPq8ShlB7WPn_TWrKHiqaJQ2T-iphE4vI7gwuA95zfZm48U-82dnsSDWt5ejakNe_5MY_e6mqk",
    "id": "1862294070",
    "identifier": "Z/20/1597197",
    "kenteken": null,
    "location": "Bloemstraat 5 1012AA",
    "status": "Advies beheer",
    "timeEnd": "16:00",
    "timeStart": "10:00",
    "title": "Tijdelijke verkeersmaatregel",
  },
  Object {
    "caseType": "TVM - RVV - Object",
    "dateDecision": null,
    "dateEnd": "2020-07-02",
    "dateRequest": "2020-06-24T00:00:00",
    "dateStart": "2020-07-02",
    "decision": null,
    "description": "Wij gaan verbouwen aan de Bloemstraat 4",
    "documentsUrl": "/api/decosjoin/listdocuments/gAAAAABfOl8BKIvxUYeub2oPpNueyL-1Lr5JdG-L2UPVG7jmPcDhUHyrb20Jjs_A_6UhQmGkh3mKq-WTe8pZae1zLWLvUE6fS2l0p_0Frv9ZbeUpv_1-6P6u8Wr6uDQoKvJdc2X9V4ig",
    "id": "881727095",
    "identifier": "Z/20/1597196",
    "kenteken": null,
    "location": "Bloemstraat 4 1012AA",
    "status": "In behandeling",
    "timeEnd": "16:00",
    "timeStart": "10:00",
    "title": "Tijdelijke verkeersmaatregel",
  },
  Object {
    "caseType": "TVM - RVV - Object",
    "dateDecision": null,
    "dateEnd": null,
    "dateRequest": "2020-06-24T00:00:00",
    "dateStart": null,
    "decision": null,
    "description": "Nellestein RVV ontheffing",
    "documentsUrl": "/api/decosjoin/listdocuments/gAAAAABfOl8BhtvxVvOW-wWMN9EIaligBEXA8tfdmS4w5loQW0CGBaRc1PYq2UvN1ExiKf6KvDUtMR-RJSCibEwBGe40CQGzecXWnZ6pxxozbKCAHSvykOY80mKh4oTz7C0LOupYS0eD",
    "id": "1619362356",
    "identifier": "Z/20/1597195",
    "kenteken": null,
    "location": "Driemondweg 21 1108AJ Amsterdam",
    "status": "Toewijzen",
    "timeEnd": "16:00",
    "timeStart": "10:00",
    "title": "Tijdelijke verkeersmaatregel",
  },
  Object {
    "caseType": "TVM - RVV - Object",
    "dateDecision": null,
    "dateEnd": "2020-07-02",
    "dateRequest": "2020-06-24T00:00:00",
    "dateStart": "2020-07-02",
    "decision": null,
    "description": "Wij gaan verbouwen aan de Bloemstraat 2",
    "documentsUrl": "/api/decosjoin/listdocuments/gAAAAABfOl8BuecgJVZzmn4vhcgyf_i5p7FHNmBlNMFkghsSXB5EGR7DSoxRzJrhQsz7aJH5vcZqPp75NkeSoFfnpa_kdEeGmJGD-PlOEwAuMWTnURUsJbVEZqT0FpauMSbXtoQBIuV9",
    "id": "638795381",
    "identifier": "Z/20/1597194",
    "kenteken": null,
    "location": "Amstel 1 1012AA",
    "status": "Ontvangen",
    "timeEnd": "16:00",
    "timeStart": "10:00",
    "title": "Tijdelijke verkeersmaatregel",
  },
  Object {
    "caseType": "TVM - RVV - Object",
    "dateDecision": null,
    "dateEnd": "2020-07-02",
    "dateRequest": "2020-06-24T00:00:00",
    "dateStart": "2020-07-02",
    "decision": null,
    "description": "Wij gaan verbouwen aan de Bloemstraat 26 h. Wij willen hiervoor graag 2 parkeervakken reserveren om materialen / container op te plaatsen.",
    "documentsUrl": "/api/decosjoin/listdocuments/gAAAAABfOl8BWLAyCzcMXN2ka4zd53kLAyOrzH9cDI973pm6FhX-P4YMZOz4prQoB-dmQvnDiI9XGTj1QuJ0Sf9e3EdaQhi0cfWQN12yHPFtCVDI-vzwqYyqyUA3D3oymYAGV4Gj4Ao_",
    "id": "1608378930",
    "identifier": "Z/20/1597193",
    "kenteken": null,
    "location": "Amstel 1 1012AA",
    "status": "Ontvangen",
    "timeEnd": "16:00",
    "timeStart": "10:00",
    "title": "Tijdelijke verkeersmaatregel",
  },
  Object {
    "caseType": "TVM - RVV - Object",
    "dateDecision": "2020-06-25",
    "dateEnd": "2020-06-25",
    "dateRequest": "2020-06-17T00:00:00",
    "dateStart": "2020-06-25",
    "decision": "Verleend",
    "description": "SB RVV ontheffing hele stad",
    "documentsUrl": "/api/decosjoin/listdocuments/gAAAAABfOl8Bxt50lUmw-jZeIOfylCtPmPKVAIOxxKgRDvhW0Xij-Bu7mYt-NmTQPQOAYZXgXKzc7uS3khLECSDdY1SCXWEWBYplEWxbf5i-X30L35OYysNq2enC6S8_yUllByC6d4Vx",
    "id": "2952768564",
    "identifier": "Z/20/1595179",
    "kenteken": null,
    "location": null,
    "status": "Afgehandeld",
    "timeEnd": "16:00",
    "timeStart": "10:00",
    "title": "Tijdelijke verkeersmaatregel",
  },
  Object {
    "caseType": "TVM - RVV - Object",
    "dateDecision": null,
    "dateEnd": "2020-06-16",
    "dateRequest": "2020-06-08T00:00:00",
    "dateStart": "2020-06-16",
    "decision": null,
    "description": "SB RVV ontheffing hele stad",
    "documentsUrl": "/api/decosjoin/listdocuments/gAAAAABfOl8BIIOcTuSpya8IJbec2HN4wysWP0TYaSTWrhJFfdhxmjMSOwSSxrftbBrxEBihptB79Qet5fQmIazTsSISGE1u1EH2j8HNTK5lpLgMcDdSM6mMr_bOxSgERrdLq_R5gfJ4",
    "id": "4043653692",
    "identifier": "Z/20/1592761",
    "kenteken": null,
    "location": null,
    "status": "Ontvangen",
    "timeEnd": "16:00",
    "timeStart": "10:00",
    "title": "Tijdelijke verkeersmaatregel",
  },
  Object {
    "caseType": "Vakantieverhuur",
    "dateDecision": null,
    "dateEnd": "2021-06-07",
    "dateRequest": "2020-05-10",
    "dateStart": "2021-06-02",
    "decision": null,
    "description": "Amstel 1 Vakantieverhuur 1",
    "documentsUrl": "/api/decosjoin/listdocuments/gAAAAABfOl8BFgweMqwmY9tcEAPAxQWJ9SBWhDTQ7AJiil0gZugQ37PC4I3f2fLEwmClmh59sYy3i4olBXM2uMWNzxrigD01Xuf7vL3DFuVp4c8SK_tj6nLLrf4QyGq1SqNESYjPTW_n",
    "id": "2551160245",
    "identifier": "Z/000/000004",
    "location": "Amstel 1 1017AB Amsterdam",
    "status": "Verleend",
    "title": "Afgelopen verhuur",
  },
  Object {
    "caseType": "Vakantieverhuur vergunningsaanvraag",
    "dateDecision": null,
    "dateEnd": "2021-09-30",
    "dateRequest": "2020-05-10",
    "dateStart": "2020-08-01",
    "decision": "Verleend",
    "description": "Amstel 1 Vakantieverhuur aanvraag vergunning",
    "documentsUrl": "/api/decosjoin/listdocuments/gAAAAABfOl8BFgweMqwmY9tcEAPAxQWJ9SBWhDTQ7AJiil0gZugQ37PC4I3f2fLEwmClmh59sYy3i4olBXM2uMWNzxrigD01Xuf7vL3DFuVp4c8SK_tj6nLLrf4QyGq1SqNESYjPTW_n",
    "id": "1473975582",
    "identifier": "Z/XXX/000007",
    "location": "Amstel 1 1017AB Amsterdam",
    "status": "Afgehandeld",
    "title": "Vergunning vakantieverhuur",
  },
  Object {
    "caseType": "B&B - vergunning",
    "dateDecision": null,
    "dateEnd": "2021-10-21",
    "dateRequest": "2020-05-10",
    "dateStart": "2020-10-22",
    "dateWorkflowActive": "2021-05-11",
    "decision": null,
    "documentsUrl": "/api/decosjoin/listdocuments/gAAAAABfOl8BFgweMqwmY9tcEAPAxQWJ9SBWhDTQ7AJiil0gZugQ37PC4I3f2fLEwmClmh59sYy3i4olBXM2uMWNzxrigD01Xuf7vL3DFuVp4c8SK_tj6nLLrf4QyGq1SqNESYjPTW_n",
    "id": "1929334935",
    "identifier": "Z/100/000007",
    "location": "Amstel 1 1017AB Amsterdam",
    "owner": "Jan Hendrik",
    "requester": "Jan Hendrik",
    "status": "In behandeling",
    "title": "Vergunning bed & breakfast",
  },
  Object {
    "caseType": "B&B - vergunning",
    "dateDecision": "2020-05-28",
    "dateEnd": "2021-10-21",
    "dateRequest": "2020-05-10",
    "dateStart": "2020-10-22",
    "dateWorkflowActive": "2021-05-13",
    "decision": "Verleend",
    "description": "Amstel 1 B&B aanvraag vergunning",
    "documentsUrl": "/api/decosjoin/listdocuments/gAAAAABfOl8BFgweMqwmY9tcEAPAxQWJ9SBWhDTQ7AJiil0gZugQ37PC4I3f2fLEwmClmh59sYy3i4olBXM2uMWNzxrigD01Xuf7vL3DFuVp4c8SK_tj6nLLrf4QyGq1SqNESYjPTW_n",
    "id": "1813421206",
    "identifier": "Z/110/000007",
    "location": "Amstel 1 1017AB Amsterdam",
    "owner": "Jan Hendrik",
    "requester": "Jan Hendrik",
    "status": "Afgehandeld",
    "title": "Vergunning bed & breakfast",
  },
  Object {
    "caseType": "TVM - RVV - Object",
    "dateDecision": null,
    "dateEnd": null,
    "dateRequest": "2020-05-03T00:00:00",
    "dateStart": null,
    "decision": null,
    "description": "7,5 ton ontheffing",
    "documentsUrl": "/api/decosjoin/listdocuments/gAAAAABfOl8Bx6gGMpuZivIQUZcz1H6IJoWFP0j8l201bdqt9XsE-R_Ph0qr3kVGkUM6gPXqPmBFUHQHTy23IrxhYwk1pNuXXt4Cl5uAgonchVXFkFME-A4XBkLVsp0aS01JymCA9pkM",
    "id": "2226696250",
    "identifier": "Z/20/1592521",
    "kenteken": null,
    "location": null,
    "status": "Toewijzen",
    "timeEnd": "16:00",
    "timeStart": "10:00",
    "title": "Tijdelijke verkeersmaatregel",
  },
  Object {
    "caseType": "Vakantieverhuur",
    "dateDecision": null,
    "dateEnd": "2021-05-03",
    "dateRequest": "2020-04-23",
    "dateStart": "2021-05-02",
    "decision": null,
    "description": "Amstel 1 Vakantieverhuur 1",
    "documentsUrl": "/api/decosjoin/listdocuments/gAAAAABfOl8BFgweMqwmY9tcEAPAxQWJ9SBWhDTQ7AJiil0gZugQ37PC4I3f2fLEwmClmh59sYy3i4olBXM2uMWNzxrigD01Xuf7vL3DFuVp4c8SK_tj6nLLrf4QyGq1SqNESYjPTW_n",
    "id": "2509994388",
    "identifier": "Z/001/000004",
    "location": "Amstel 1 1017AB Amsterdam",
    "status": "Verleend",
    "title": "Afgelopen verhuur",
  },
  Object {
    "caseType": "TVM - RVV - Object",
    "dateDecision": "2019-12-05",
    "dateEnd": "2020-12-31",
    "dateRequest": "2019-12-31T00:00:00",
    "dateStart": "2019-12-19",
    "decision": "Verleend",
    "description": "Bulkaanvraag door Raoul Verheezen t.b.v. Wagenpark (M-AMS1909 004195)",
    "documentsUrl": "/api/decosjoin/listdocuments/gAAAAABfOl8ByB3W0mG0jCmrdtu084W7_BnXX1zhJLkFQKNmbQXo6ZvID-WTv-8UkfjCfeaUXiakdwfewSy_EE9eie9uYcjBwgqZgeb_XcC9g2FiHthNcSVTTQO2Eg77-6-8xBmjREkJ",
    "id": "2618219588",
    "identifier": "Z/20/615500",
    "kenteken": "A00348",
    "location": "Heel Amsterdam",
    "status": "Afgehandeld",
    "timeEnd": "16:00",
    "timeStart": "10:00",
    "title": "Tijdelijke verkeersmaatregel",
  },
  Object {
    "caseType": "TVM - RVV - Object",
    "dateDecision": "2019-06-21",
    "dateEnd": "2020-07-02",
    "dateRequest": "2019-06-13T00:00:00",
    "dateStart": "2020-07-02",
    "decision": "Verleend",
    "description": "TVM / 3 PV - Arent Janszoon Ernststraat 888",
    "documentsUrl": "/api/decosjoin/listdocuments/gAAAAABfOl8BLWvZaJ12J4bVL-VMUrz1kwwMgPoCEV5Mj_MHRB0kkz_3yruaz8cOHvx0m5uSCxossChfjb-aGvS78Uq3vI_Mz_MPv0NIKdy9rL319pbzzCypdrn07wx5vR-bWmX0e1ka",
    "id": "4195945502",
    "identifier": "Z/20/1597205",
    "kenteken": null,
    "location": "Arent Janszoon Ernststraat 888 1012AA",
    "status": "Afgehandeld",
    "timeEnd": "16:00",
    "timeStart": "10:00",
    "title": "Tijdelijke verkeersmaatregel",
  },
]
`;
