// Vitest Snapshot v1, https://vitest.dev/guide/snapshot.html

exports[`simple-connect/erfpacht > fetchErfpachtV2: dossier detail 1`] = `
{
  "content": null,
  "message": "Error: Nock: No match for request {
  "method": "GET",
  "url": "http://remote-api-host/erfpachtv2/vernise/api/dossierinfo",
  "headers": {
    "accept": "application/json, text/plain, */*",
    "user-agent": "mijn-amsterdam-bff",
    "authorization": "Bearer xxxxxx",
    "x-hera-requestorigin": "MijnAmsterdam",
    "accept-encoding": "gzip, compress, deflate, br"
  }
}",
  "status": "ERROR",
}
`;

exports[`simple-connect/erfpacht > fetchErfpachtV2: dossiers 1`] = `
{
  "content": {
    "dossiers": {
      "dossiers": [
        {
          "dossierNummer": "E6470/243",
          "dossierNummerUrlParam": "E.6470.243",
          "link": {
            "title": "E6470/243 - Valutaboulevard 51",
            "to": "/erfpacht/dossier/E.6470.243",
          },
          "titelDossierHelpTekstRegel1": "Probeer het opnieuw met een postcode en huisnummer. Bijvoorbeeld 1072 TW 54.",
          "titelDossierHelpTekstRegel2": "Of probeer een volledig erfpachtdossiernummer in te voeren. Bijvoorbeeld E123/1.",
          "titelDossierZoekveld": "Postcode huisnummer of erfpachtdossiernummer",
          "titelDossiernummer": "Erfpachtdossier",
          "titelDossiersKop": "Erfpachtrechten",
          "titelGeenResultatenGevonden": "Geen resultaten gevonden",
          "titelResultatenGevonden": " resultaten gevonden",
          "titelVoorkeursAdres": "Adres",
          "titelWijzigingsAanvraag": "Wijzigingsaanvraag",
          "titelZaaknummer": "Zaak nummer",
          "title": "E6470/243 - Valutaboulevard 51",
          "voorkeursadres": "Valutaboulevard 51",
        },
        {
          "dossierNummer": "E477/44",
          "dossierNummerUrlParam": "E.477.44",
          "link": {
            "title": "E477/44 - Pijnackerstraat 20 H",
            "to": "/erfpacht/dossier/E.477.44",
          },
          "titelDossierHelpTekstRegel1": "Probeer het opnieuw met een postcode en huisnummer. Bijvoorbeeld 1072 TW 54.",
          "titelDossierHelpTekstRegel2": "Of probeer een volledig erfpachtdossiernummer in te voeren. Bijvoorbeeld E123/1.",
          "titelDossierZoekveld": "Postcode huisnummer of erfpachtdossiernummer",
          "titelDossiernummer": "Erfpachtdossier",
          "titelDossiersKop": "Erfpachtrechten",
          "titelGeenResultatenGevonden": "Geen resultaten gevonden",
          "titelResultatenGevonden": " resultaten gevonden",
          "titelVoorkeursAdres": "Adres",
          "titelWijzigingsAanvraag": "Wijzigingsaanvraag",
          "titelZaaknummer": "Zaak nummer",
          "title": "E477/44 - Pijnackerstraat 20 H",
          "voorkeursadres": "Pijnackerstraat 20 H",
        },
        {
          "dossierNummer": "E477/46",
          "dossierNummerUrlParam": "E.477.46",
          "link": {
            "title": "E477/46 - Pijnackerstraat 22 H",
            "to": "/erfpacht/dossier/E.477.46",
          },
          "titelDossierHelpTekstRegel1": "Probeer het opnieuw met een postcode en huisnummer. Bijvoorbeeld 1072 TW 54.",
          "titelDossierHelpTekstRegel2": "Of probeer een volledig erfpachtdossiernummer in te voeren. Bijvoorbeeld E123/1.",
          "titelDossierZoekveld": "Postcode huisnummer of erfpachtdossiernummer",
          "titelDossiernummer": "Erfpachtdossier",
          "titelDossiersKop": "Erfpachtrechten",
          "titelGeenResultatenGevonden": "Geen resultaten gevonden",
          "titelResultatenGevonden": " resultaten gevonden",
          "titelVoorkeursAdres": "Adres",
          "titelWijzigingsAanvraag": "Wijzigingsaanvraag",
          "titelZaaknummer": "Zaak nummer",
          "title": "E477/46 - Pijnackerstraat 22 H",
          "voorkeursadres": "Pijnackerstraat 22 H",
        },
        {
          "dossierNummer": "E7418/35",
          "dossierNummerUrlParam": "E.7418.35",
          "link": {
            "title": "E7418/35 - Cycladenlaan 14",
            "to": "/erfpacht/dossier/E.7418.35",
          },
          "titelDossierHelpTekstRegel1": "Probeer het opnieuw met een postcode en huisnummer. Bijvoorbeeld 1072 TW 54.",
          "titelDossierHelpTekstRegel2": "Of probeer een volledig erfpachtdossiernummer in te voeren. Bijvoorbeeld E123/1.",
          "titelDossierZoekveld": "Postcode huisnummer of erfpachtdossiernummer",
          "titelDossiernummer": "Erfpachtdossier",
          "titelDossiersKop": "Erfpachtrechten",
          "titelGeenResultatenGevonden": "Geen resultaten gevonden",
          "titelResultatenGevonden": " resultaten gevonden",
          "titelVoorkeursAdres": "Adres",
          "titelWijzigingsAanvraag": "Wijzigingsaanvraag",
          "titelZaaknummer": "Zaak nummer",
          "title": "E7418/35 - Cycladenlaan 14",
          "voorkeursadres": "Cycladenlaan 14",
        },
        {
          "dossierNummer": "E477/48",
          "dossierNummerUrlParam": "E.477.48",
          "link": {
            "title": "E477/48 - (behorende bij) Pijnackerstraat 22 H",
            "to": "/erfpacht/dossier/E.477.48",
          },
          "titelDossierHelpTekstRegel1": "Probeer het opnieuw met een postcode en huisnummer. Bijvoorbeeld 1072 TW 54.",
          "titelDossierHelpTekstRegel2": "Of probeer een volledig erfpachtdossiernummer in te voeren. Bijvoorbeeld E123/1.",
          "titelDossierZoekveld": "Postcode huisnummer of erfpachtdossiernummer",
          "titelDossiernummer": "Erfpachtdossier",
          "titelDossiersKop": "Erfpachtrechten",
          "titelGeenResultatenGevonden": "Geen resultaten gevonden",
          "titelResultatenGevonden": " resultaten gevonden",
          "titelVoorkeursAdres": "Adres",
          "titelWijzigingsAanvraag": "Wijzigingsaanvraag",
          "titelZaaknummer": "Zaak nummer",
          "title": "E477/48 - (behorende bij) Pijnackerstraat 22 H",
          "voorkeursadres": "(behorende bij) Pijnackerstraat 22 H",
        },
      ],
      "titelDossierHelpTekstRegel1": "Probeer het opnieuw met een postcode en huisnummer. Bijvoorbeeld 1072 TW 54.",
      "titelDossierHelpTekstRegel2": "Of probeer een volledig erfpachtdossiernummer in te voeren. Bijvoorbeeld E123/1.",
      "titelDossierZoekveld": "Postcode huisnummer of erfpachtdossiernummer",
      "titelDossiernummer": "Erfpachtdossier",
      "titelDossiersKop": "Erfpachtrechten",
      "titelGeenResultatenGevonden": "Geen resultaten gevonden",
      "titelResultatenGevonden": " resultaten gevonden",
      "titelVoorkeursAdres": "Adres",
      "titelWijzigingsAanvraag": "Wijzigingsaanvraag",
      "titelZaaknummer": "Zaak nummer",
    },
    "isKnown": true,
    "openstaandeFacturen": {
      "facturen": [
        {
          "dossierAdres": "Esther de Boer-v Rijkstr 62",
          "factuurBedrag": "43.02",
          "factuurNummer": "17034854",
          "formattedFactuurBedrag": "€ 43,02",
          "formattedOpenstaandBedrag": "€ 0,00",
          "open": true,
          "openstaandBedrag": "0.0",
          "status": "Openstaand",
          "stopcode": "H",
          "titelDossierNummer": "Erfpachtdossier",
          "titelFacturenDossierAdres": "Adres",
          "titelFacturenFactuurBedrag": "Factuurbedrag",
          "titelFacturenNummer": "Factuurnummer",
          "titelFacturenOpenstaandBedrag": "Status",
          "titelFacturenStatus": "Status",
          "titelFacturenVervaldatum": "Vervaldatum",
          "vervalDatum": "16 april 2023",
        },
        {
          "dossierAdres": "Esther de Boer-v Rijkstr 62",
          "factuurBedrag": "43.02",
          "factuurNummer": "17219057",
          "formattedFactuurBedrag": "€ 43,02",
          "formattedOpenstaandBedrag": "€ 0,00",
          "open": true,
          "openstaandBedrag": "0.0",
          "status": "Openstaand",
          "titelDossierNummer": "Erfpachtdossier",
          "titelFacturenDossierAdres": "Adres",
          "titelFacturenFactuurBedrag": "Factuurbedrag",
          "titelFacturenNummer": "Factuurnummer",
          "titelFacturenOpenstaandBedrag": "Status",
          "titelFacturenStatus": "Status",
          "titelFacturenVervaldatum": "Vervaldatum",
          "vervalDatum": "16 oktober 2023",
        },
      ],
      "titelBetaler": "Betaler",
      "titelDebiteurNummer": "Debiteurnummer",
      "titelFacturen": "Facturen",
      "titelFacturenDossierAdres": "Adres",
      "titelFacturenFactuurBedrag": "Bedrag",
      "titelFacturenNummer": "Factuurnummer",
      "titelFacturenOpenstaandBedrag": "Status",
      "titelFacturenStatus": "Status",
      "titelFacturenVervaldatum": "Vervaldatum",
      "titelFactuurHelpTekstRegel1": "Probeer het opnieuw door een volledig factuurnummer in te voeren. Bijvoorbeeld 15090621.",
      "titelFactuurZoekveld": "Factuurnummer",
      "titelGeenResultatenGevonden": "Geen resultaten gevonden",
      "titelResultatenGevonden": " resultaten gevonden",
      "titelVerklarendeTekstFacturen": "Hier vindt u een overzicht van uw erfpachtfacturen van de afgelopen 2 jaar. Daarnaast ziet u eventueel oudere facturen die nog openstaan.",
    },
    "titelDossiersKop": "Erfpachtrechten",
    "titelLinkErfpachtrechten": "Bekijk alle erfpachtrechten",
    "titelLinkFacturen": "Bekijk alle facturen",
    "titelOpenFacturenKop": "Openstaande Facturen",
    "titelStartPaginaKop": "Goedemorgen",
    "titelVerklarendeTekstStartPagina": "Bekijk hier de gegevens van alle erfpachtrechten die gekoppeld zijn aan het KvK-nummer waarmee u bent ingelogd.",
  },
  "status": "OK",
}
`;
