// Vitest Snapshot v1, https://vitest.dev/guide/snapshot.html

exports[`<Zorg /> > Matches the Full Page snapshot 1`] = `
<DocumentFragment>
  <div
    class="ams-grid"
  >
    <div
      class="ams-grid__cell ams-grid__cell--span-4 ams-grid__cell--span-8-medium ams-grid__cell--span-12-wide ams-grid__cell--start-1 ams-grid__cell--start-1-medium ams-grid__cell--start-1-wide _PageHeadingWrap_c5a3f1"
    >
      <div
        class="_PageHeadingInner_c5a3f1"
        id="skip-to-id-AppContent"
      >
        <nav
          class="ams-breadcrumb"
        >
          <ol
            class="ams-breadcrumb__list"
          >
            <li
              class="ams-breadcrumb__item"
            >
              <a
                class="ams-breadcrumb__link"
                href="/"
              >
                Home
              </a>
            </li>
            <li
              class="ams-breadcrumb__item"
            >
              <a
                class="ams-breadcrumb__link"
                href="/zorg-en-ondersteuning"
                tabindex="-1"
              >
                <span
                  class="ams-visually-hidden"
                >
                  Zorg en ondersteuning
                </span>
              </a>
            </li>
          </ol>
        </nav>
        <h3
          class="ams-heading ams-heading--1 _PageHeading_c5a3f1"
        >
          Zorg en ondersteuning
        </h3>
      </div>
    </div>
    <div
      class="ams-grid__cell ams-grid__cell--span-4 ams-grid__cell--span-8-medium ams-grid__cell--span-8-wide ams-grid__cell--start-1 ams-grid__cell--start-1-medium ams-grid__cell--start-1-wide"
    >
      <p
        class="ams-paragraph ams-mb-m"
      >
        Hieronder ziet u uw voorzieningen vanuit de Wet maatschappelijke ondersteuning (Wmo).
      </p>
      <p
        class="ams-paragraph"
      >
        Heeft u vragen of wilt u een wijziging doorgeven? 
        <br />
        Bel dan gratis de Wmo Helpdesk: 
        <a
          class="ams-link"
          href="tel:08000643"
          rel="noreferrer"
        >
          0800 0643
        </a>
         (maandag tot en met vrijdag van 08.00 tot 18.00 uur) of ga langs bij het Sociaal Loket.
      </p>
    </div>
    <div
      class="ams-grid__cell ams-grid__cell--span-4 ams-grid__cell--span-8-medium ams-grid__cell--span-12-wide ams-grid__cell--start-1 ams-grid__cell--start-1-medium ams-grid__cell--start-1-wide"
    >
      <ul
        class="ams-link-list"
      >
        <li>
          <a
            class="ams-link-list__link"
            href="https://www.amsterdam.nl/zorg-ondersteuning/"
            rel="noreferrer"
          >
            <span
              class="ams-icon"
            >
              <svg
                aria-hidden="true"
                focusable="false"
                viewBox="0 0 32 32"
                xmlns="http://www.w3.org/2000/svg"
              >
                <path
                  d="m9.757 32-2.9-2.91L19.937 16 6.857 2.91 9.757 0l16 16z"
                  fill-rule="evenodd"
                />
              </svg>
            </span>
            Lees hier meer over zorg en ondersteuning
          </a>
        </li>
      </ul>
    </div>
    <div
      class="ams-grid__cell ams-grid__cell--span-4 ams-grid__cell--span-8-medium ams-grid__cell--span-12-wide ams-grid__cell--start-1 ams-grid__cell--start-1-medium ams-grid__cell--start-1-wide"
    >
      <h3
        class="ams-heading ams-heading--2"
      >
        Huidige voorzieningen
      </h3>
      <div
        class="ams-table"
      >
        <table
          class="ams-table__table _TableV2_4c6825"
        >
          <thead
            class="ams-table__header"
          >
            <tr
              class="ams-table__row"
            >
              <th
                class="ams-table__header-cell"
              >
                Naam
              </th>
              <th
                class="ams-table__header-cell"
              >
                Status
              </th>
              <th
                class="ams-table__header-cell"
              >
                Datum
              </th>
            </tr>
          </thead>
          <tbody
            class="ams-table__body"
          >
            <tr
              class="ams-table__row"
            >
              <td
                class="ams-table__cell"
              >
                <a
                  class="ams-link _MaLink_aa758a _MaRouterLink__no-underline-fat_aa758a"
                  href="http://example.org/ding"
                  title="Bekijk meer over Wmo item 1"
                >
                  Wmo item 1
                </a>
              </td>
              <td
                class="ams-table__cell"
              >
                Levering gestart
              </td>
              <td
                class="ams-table__cell"
              >
                24 september 2020
              </td>
            </tr>
          </tbody>
        </table>
      </div>
    </div>
    <div
      class="ams-grid__cell ams-grid__cell--span-4 ams-grid__cell--span-8-medium ams-grid__cell--span-12-wide ams-grid__cell--start-1 ams-grid__cell--start-1-medium ams-grid__cell--start-1-wide"
    >
      <h3
        class="ams-heading ams-heading--2"
      >
        Eerdere en afgewezen voorzieningen
      </h3>
      <div
        class="ams-table"
      >
        <table
          class="ams-table__table _TableV2_4c6825"
        >
          <tbody
            class="ams-table__body"
          />
        </table>
      </div>
      <p
        class="ams-paragraph"
      >
        U heeft geen eerdere en/of afgewezen voorzieningen. U ziet hier niet alle gegevens uit het verleden. De gegevens die u hier niet ziet, heeft u eerder per post ontvangen.
      </p>
    </div>
    <div
      class="ams-grid__cell ams-grid__cell--span-4 ams-grid__cell--span-8-medium ams-grid__cell--span-8-wide ams-grid__cell--start-1 ams-grid__cell--start-1-medium ams-grid__cell--start-3-wide"
    >
      <p
        class="ams-paragraph _SuppressedParagraph_2fb90c"
      >
        U ziet hier informatie vanaf 1 januari 2018. Wilt u iets weten van daarvoor? Bel dan de Wmo Helpdesk: 
        <a
          class="ams-link"
          href="tel:08000643"
          rel="noreferrer"
        >
          0800 0643
        </a>
        . U ziet ook geen begeleid thuis en beschermd verblijf (vroeger maatschappelijke opvang en beschermd wonen). Hier zijn we nog mee bezig.
      </p>
    </div>
  </div>
</DocumentFragment>
`;
