// Vitest Snapshot v1, https://vitest.dev/guide/snapshot.html

exports[`erfpacht > fetchErfpacht: dossier detail 1`] = `
{
  "content": {
    "betaler": null,
    "bijzondereBepalingen": [
      {
        "categorie": "Wonen",
        "eenheid": "m² BVO",
        "omschrijving": "Wonen/Koopwoning/Woning",
        "oppervlakte": "75",
        "samengesteldeOppervlakteEenheid": "Bruto vloeroppervlak: 75 m2",
        "titelBestemmingOmschrijving": "Bestemming",
        "titelOppervlakte": "Oppervlakte",
      },
      {
        "categorie": "Wonen",
        "eenheid": "m² BVO",
        "omschrijving": "Wonen/Koopwoning/Woning",
        "oppervlakte": "35",
        "samengesteldeOppervlakteEenheid": "Bruto vloeroppervlak: 35 m2",
        "titelBestemmingOmschrijving": "Bestemming",
        "titelOppervlakte": "Oppervlakte",
      },
    ],
    "dossierNummer": "E123/456",
    "dossierNummerUrlParam": "E.123.456",
    "eersteUitgifte": "01 januari 1922",
    "facturen": {
      "betaler": "DEBITEUR 186698",
      "debiteurNummer": "186698",
      "facturen": [
        {
          "dossierAdres": "Dit en dat plein 22 H",
          "dossierNummer": "E123/456 - A",
          "factuurBedrag": "62.82",
          "factuurNummer": "A.123123123123",
          "formattedFactuurBedrag": "€ 62,82",
          "formattedOpenstaandBedrag": "€ 0,00",
          "open": false,
          "openstaandBedrag": "0.0",
          "status": "Voldaan",
          "titelDossierNummer": "Erfpachtdossier",
          "titelFacturenDossierAdres": "Adres",
          "titelFacturenFactuurBedrag": "Factuurbedrag",
          "titelFacturenNummer": "Factuurnummer",
          "titelFacturenOpenstaandBedrag": "Status",
          "titelFacturenStatus": "Status",
          "titelFacturenVervaldatum": "Vervaldatum",
          "vervalDatum": "2017-01-01",
        },
        {
          "dossierAdres": "Dit en dat plein 22 H",
          "dossierNummer": "E123/456 - B",
          "factuurBedrag": "62.82",
          "factuurNummer": "B.123123123123",
          "formattedFactuurBedrag": "€ 62,82",
          "formattedOpenstaandBedrag": "€ 0,00",
          "open": false,
          "openstaandBedrag": "0.0",
          "status": "Voldaan",
          "stopcode": "P",
          "titelDossierNummer": "Erfpachtdossier",
          "titelFacturenDossierAdres": "Adres",
          "titelFacturenFactuurBedrag": "Factuurbedrag",
          "titelFacturenNummer": "Factuurnummer",
          "titelFacturenOpenstaandBedrag": "Status",
          "titelFacturenStatus": "Status",
          "titelFacturenVervaldatum": "Vervaldatum",
          "vervalDatum": "2017-12-28",
        },
        {
          "dossierAdres": "Dit en dat plein 22 H",
          "dossierNummer": "E123/456 - C",
          "factuurBedrag": "62.82",
          "factuurNummer": "C.123123123123",
          "formattedFactuurBedrag": "€ 62,82",
          "formattedOpenstaandBedrag": "€ 0,00",
          "open": false,
          "openstaandBedrag": "0.0",
          "status": "Voldaan",
          "stopcode": "P",
          "titelDossierNummer": "Erfpachtdossier",
          "titelFacturenDossierAdres": "Adres",
          "titelFacturenFactuurBedrag": "Factuurbedrag",
          "titelFacturenNummer": "Factuurnummer",
          "titelFacturenOpenstaandBedrag": "Status",
          "titelFacturenStatus": "Status",
          "titelFacturenVervaldatum": "Vervaldatum",
          "vervalDatum": "2018-01-01",
        },
        {
          "dossierAdres": "Dit en dat plein 22 H",
          "dossierNummer": "E123/456 - D",
          "factuurBedrag": "62.82",
          "factuurNummer": "D.123123123123",
          "formattedFactuurBedrag": "€ 62,82",
          "formattedOpenstaandBedrag": "€ 0,00",
          "open": false,
          "openstaandBedrag": "0.0",
          "status": "Voldaan",
          "stopcode": "P",
          "titelDossierNummer": "Erfpachtdossier",
          "titelFacturenDossierAdres": "Adres",
          "titelFacturenFactuurBedrag": "Factuurbedrag",
          "titelFacturenNummer": "Factuurnummer",
          "titelFacturenOpenstaandBedrag": "Status",
          "titelFacturenStatus": "Status",
          "titelFacturenVervaldatum": "Vervaldatum",
          "vervalDatum": "2018-07-01",
        },
        {
          "dossierAdres": "Dit en dat plein 22 H",
          "dossierNummer": "E123/456 - E",
          "factuurBedrag": "62.82",
          "factuurNummer": "E.123123123123",
          "formattedFactuurBedrag": "€ 62,82",
          "formattedOpenstaandBedrag": "€ 0,00",
          "open": false,
          "openstaandBedrag": "0.0",
          "status": "Voldaan",
          "stopcode": "H",
          "titelDossierNummer": "Erfpachtdossier",
          "titelFacturenDossierAdres": "Adres",
          "titelFacturenFactuurBedrag": "Factuurbedrag",
          "titelFacturenNummer": "Factuurnummer",
          "titelFacturenOpenstaandBedrag": "Status",
          "titelFacturenStatus": "Status",
          "titelFacturenVervaldatum": "Vervaldatum",
          "vervalDatum": "2019-01-01",
        },
        {
          "dossierAdres": "Dit en dat plein 22 H",
          "dossierNummer": "E123/456 - F",
          "factuurBedrag": "62.82",
          "factuurNummer": "F.123123123123",
          "formattedFactuurBedrag": "€ 62,82",
          "formattedOpenstaandBedrag": "€ 0,00",
          "open": false,
          "openstaandBedrag": "0.0",
          "status": "Voldaan",
          "stopcode": "P",
          "titelDossierNummer": "Erfpachtdossier",
          "titelFacturenDossierAdres": "Adres",
          "titelFacturenFactuurBedrag": "Factuurbedrag",
          "titelFacturenNummer": "Factuurnummer",
          "titelFacturenOpenstaandBedrag": "Status",
          "titelFacturenStatus": "Status",
          "titelFacturenVervaldatum": "Vervaldatum",
          "vervalDatum": "2019-07-01",
        },
        {
          "dossierAdres": "Dit en dat plein 22 H",
          "dossierNummer": "E123/456 - G",
          "factuurBedrag": "62.82",
          "factuurNummer": "G.123123123123",
          "formattedFactuurBedrag": "€ 62,82",
          "formattedOpenstaandBedrag": "€ 0,00",
          "open": false,
          "openstaandBedrag": "0.0",
          "status": "Voldaan",
          "titelDossierNummer": "Erfpachtdossier",
          "titelFacturenDossierAdres": "Adres",
          "titelFacturenFactuurBedrag": "Factuurbedrag",
          "titelFacturenNummer": "Factuurnummer",
          "titelFacturenOpenstaandBedrag": "Status",
          "titelFacturenStatus": "Status",
          "titelFacturenVervaldatum": "Vervaldatum",
          "vervalDatum": "2020-01-01",
        },
        {
          "dossierAdres": "Dit en dat plein 22 H",
          "dossierNummer": "E123/456 - H",
          "factuurBedrag": "62.82",
          "factuurNummer": "H.123123123123",
          "formattedFactuurBedrag": "€ 62,82",
          "formattedOpenstaandBedrag": "€ 0,00",
          "open": false,
          "openstaandBedrag": "0.0",
          "status": "Voldaan",
          "titelDossierNummer": "Erfpachtdossier",
          "titelFacturenDossierAdres": "Adres",
          "titelFacturenFactuurBedrag": "Factuurbedrag",
          "titelFacturenNummer": "Factuurnummer",
          "titelFacturenOpenstaandBedrag": "Status",
          "titelFacturenStatus": "Status",
          "titelFacturenVervaldatum": "Vervaldatum",
          "vervalDatum": "2020-07-01",
        },
        {
          "dossierAdres": "Dit en dat plein 22 H",
          "dossierNummer": "E123/456 - I",
          "factuurBedrag": "62.82",
          "factuurNummer": "I.123123123123",
          "formattedFactuurBedrag": "€ 62,82",
          "formattedOpenstaandBedrag": "€ 0,00",
          "open": false,
          "openstaandBedrag": "0.0",
          "status": "Voldaan",
          "titelDossierNummer": "Erfpachtdossier",
          "titelFacturenDossierAdres": "Adres",
          "titelFacturenFactuurBedrag": "Factuurbedrag",
          "titelFacturenNummer": "Factuurnummer",
          "titelFacturenOpenstaandBedrag": "Status",
          "titelFacturenStatus": "Status",
          "titelFacturenVervaldatum": "Vervaldatum",
          "vervalDatum": "2021-01-01",
        },
        {
          "dossierAdres": "Dit en dat plein 22 H",
          "dossierNummer": "E123/456 - J",
          "factuurBedrag": "64.14",
          "factuurNummer": "J.123123123123",
          "formattedFactuurBedrag": "€ 64,14",
          "formattedOpenstaandBedrag": "€ 0,00",
          "open": false,
          "openstaandBedrag": "0.0",
          "status": "Voldaan",
          "titelDossierNummer": "Erfpachtdossier",
          "titelFacturenDossierAdres": "Adres",
          "titelFacturenFactuurBedrag": "Factuurbedrag",
          "titelFacturenNummer": "Factuurnummer",
          "titelFacturenOpenstaandBedrag": "Status",
          "titelFacturenStatus": "Status",
          "titelFacturenVervaldatum": "Vervaldatum",
          "vervalDatum": "2021-07-01",
        },
        {
          "dossierAdres": "Dit en dat plein 22 H",
          "dossierNummer": "E123/456 - K",
          "factuurBedrag": "64.14",
          "factuurNummer": "K.123123123123",
          "formattedFactuurBedrag": "€ 64,14",
          "formattedOpenstaandBedrag": "€ 0,00",
          "open": false,
          "openstaandBedrag": "0.0",
          "status": "Voldaan",
          "titelDossierNummer": "Erfpachtdossier",
          "titelFacturenDossierAdres": "Adres",
          "titelFacturenFactuurBedrag": "Factuurbedrag",
          "titelFacturenNummer": "Factuurnummer",
          "titelFacturenOpenstaandBedrag": "Status",
          "titelFacturenStatus": "Status",
          "titelFacturenVervaldatum": "Vervaldatum",
          "vervalDatum": "2022-01-01",
        },
        {
          "dossierAdres": "Dit en dat plein 22 H",
          "dossierNummer": "E123/456 - L",
          "factuurBedrag": "64.14",
          "factuurNummer": "L.123123123123",
          "formattedFactuurBedrag": "€ 64,14",
          "formattedOpenstaandBedrag": "€ 0,00",
          "open": false,
          "openstaandBedrag": "0.0",
          "status": "Voldaan",
          "titelDossierNummer": "Erfpachtdossier",
          "titelFacturenDossierAdres": "Adres",
          "titelFacturenFactuurBedrag": "Factuurbedrag",
          "titelFacturenNummer": "Factuurnummer",
          "titelFacturenOpenstaandBedrag": "Status",
          "titelFacturenStatus": "Status",
          "titelFacturenVervaldatum": "Vervaldatum",
          "vervalDatum": "2022-07-01",
        },
        {
          "dossierAdres": "Dit en dat plein 22 H",
          "dossierNummer": "E123/456 - M",
          "factuurBedrag": "128.27",
          "factuurNummer": "M.123123123123",
          "formattedFactuurBedrag": "€ 128,27",
          "formattedOpenstaandBedrag": "€ 0,00",
          "open": false,
          "openstaandBedrag": "0.0",
          "status": "Voldaan",
          "titelDossierNummer": "Erfpachtdossier",
          "titelFacturenDossierAdres": "Adres",
          "titelFacturenFactuurBedrag": "Factuurbedrag",
          "titelFacturenNummer": "Factuurnummer",
          "titelFacturenOpenstaandBedrag": "Status",
          "titelFacturenStatus": "Status",
          "titelFacturenVervaldatum": "Vervaldatum",
          "vervalDatum": "2023-01-01",
        },
      ],
      "titelBetaler": "Betaler",
      "titelDebiteurNummer": "Debiteurnummer",
      "titelFacturen": "Facturen",
      "titelFacturenDossierAdres": "Adres",
      "titelFacturenFactuurBedrag": "Factuurbedrag",
      "titelFacturenNummer": "Factuurnummer",
      "titelFacturenOpenstaandBedrag": "Status",
      "titelFacturenStatus": "Status",
      "titelFacturenVervaldatum": "Vervaldatum",
      "titelFactuurHelpTekstRegel1": "Probeer het opnieuw door een volledig factuurnummer in te voeren. Bijvoorbeeld 15090621.",
      "titelFactuurZoekveld": "Factuurnummer",
      "titelGeenResultatenGevonden": "Geen resultaten gevonden",
      "titelResultatenGevonden": " resultaten gevonden",
      "titelVerklarendeTekstFacturen": "Hier vindt u een overzicht van uw erfpachtfacturen van de afgelopen 2 jaar. Daarnaast ziet u eventueel oudere facturen die nog openstaan.",
    },
    "financieel": {
      "huidigePeriode": {
        "afgekocht": "Nee",
        "algemeneBepaling": "AB1994",
        "algemeneBepalingJuridisch": "AB2016",
        "canons": [
          {
            "canonBedrag": "108.90",
            "canonBeginJaar": "2001",
            "formattedCanonBedrag": "€ 108,90",
            "samengesteld": "€ 108,90 na indexering 2001",
          },
          {
            "canonBedrag": "117.17",
            "canonBeginJaar": "2006",
            "formattedCanonBedrag": "€ 117,17",
            "samengesteld": "€ 117,17 na indexering 2006",
          },
          {
            "canonBedrag": "120.57",
            "canonBeginJaar": "2011",
            "formattedCanonBedrag": "€ 120,57",
            "samengesteld": "€ 120,57 na indexering 2011",
          },
          {
            "canonBedrag": "125.63",
            "canonBeginJaar": "2016",
            "formattedCanonBedrag": "€ 125,63",
            "samengesteld": "€ 125,63 na indexering 2016",
          },
          {
            "canonBedrag": "128.27",
            "canonBeginJaar": "2021",
            "formattedCanonBedrag": "€ 128,27",
            "samengesteld": "€ 128,27 na indexering 2021",
          },
          {
            "canonBedrag": "128.27",
            "canonBeginJaar": "2022",
            "formattedCanonBedrag": "€ 128,27",
            "samengesteld": "€ 128,27 na indexering 2022",
          },
        ],
        "periodeSamengesteld": "24-06-2022 t/m 31-12-2046",
        "periodeTm": "2046-12-31",
        "periodeVan": "2022-06-24",
        "regime": "5 jaarlijkse indexering",
        "titelAfgekocht": "Afgekocht",
        "titelFinancieelAlgemeneBepaling": "Algemene bepaling",
        "titelFinancieelCanon": "Canon",
        "titelFinancieelPeriodeVan": "Huidige periode",
        "titelFinancieelRegime": "Regime",
        "titelGeenCanon": "Geen canon",
      },
    },
    "id": "E.123.456",
    "juridisch": {
      "algemeneBepaling": "AB2016",
      "ingangsdatum": "24 juni 2022",
      "soortErfpacht": "E",
      "titelAlgemeneBepaling": "Algemene bepaling",
      "titelErfpachtUitgegeven": "Datum eerste uitgifte",
      "titelIngangsdatum": "Ingangsdatum",
      "titelSoortErfpacht": "Soort erfpacht",
      "uitgegeven": "1922-01-01",
      "uitgeschrevenSoortErfpacht": "Eeuwigdurend",
    },
    "kadastraleaanduidingen": [
      {
        "adres": "Dit en dat plein 22 H",
        "gemeenteCode": "ASD18",
        "gemeenteNaam": "Amsterdam",
        "letter": "A",
        "perceelnummer": "34123",
        "samengesteld": "12132/345345/456757/ff",
        "sectie": "V",
        "titelAdres": "Adres",
        "titelKadastraleAanduiding": "Kadastrale aanduiding",
        "volgnummer": "1",
      },
    ],
    "link": {
      "title": "E123/456: Dit en dat plein 22 H",
      "to": "/erfpacht/dossier/E.123.456",
    },
    "plaatselijkeaanduidingen": [
      {
        "gemeente": "Amsterdam",
        "huisnummer": "22",
        "huisnummerToevoeging": "H",
        "postcode": "1234HK",
        "samengesteld": "Dit en dat plein 22  H 1234HK Amsterdam",
        "straatnaam": "Dit en dat plein",
        "titelGemeente": "Gemeente",
        "titelHuisnummer": "Huisnummer",
        "titelPostcode": "Postcode",
        "titelStraatnaam": "Straatnaam",
      },
    ],
    "relaties": [
      {
        "betaler": true,
        "erfpachter": true,
        "indicatieGeheim": false,
        "relatieCode": "123-abc",
        "relatieNaam": "H.J de Gruyter",
        "titelErfpachter": "Erfpachter",
        "titelRelatieCode": "Relatiecode",
      },
      {
        "betaler": false,
        "erfpachter": true,
        "indicatieGeheim": false,
        "relatieCode": "Wegan",
        "relatieNaam": "Persoon Wegan",
        "titelErfpachter": "Erfpachter",
        "titelRelatieCode": "Relatiecode",
      },
    ],
    "titelBetaler": "Betaler",
    "titelDossierNummer": "Erfpachtdossier",
    "titelEersteUitgifte": "Datum eerste uitgifte",
    "titelKadastraleAanduiding": "Kadastrale aanduiding",
    "titelKopBijzondereBepalingen": "Bijzondere Bepalingen",
    "titelKopErfpachter": "Erfpachters",
    "titelKopFacturen": "Facturen",
    "titelKopFinancieel": "Financieel",
    "titelKopJuridisch": "Juridisch",
    "titelKopSamenvatting": "Samenvatting",
    "titelKopVastgoed": "Vastgoed",
    "titelPlaatselijkeaanduidingen": "Plaatselijke aanduidingen",
    "titelVoorkeursadres": "Adres",
    "title": "E123/456: Dit en dat plein 22 H",
    "voorkeursadres": "Dit en dat plein 22 H",
  },
  "status": "OK",
}
`;

exports[`erfpacht > fetchErfpacht: dossiers 1`] = `
{
  "content": {
    "dossiers": {
      "dossiers": [
        {
          "dossierNummer": "E477/48",
          "dossierNummerUrlParam": "E.477.48",
          "id": "E.477.48",
          "link": {
            "title": "E477/48: (behorende bij) Dit en dat plein 22 H",
            "to": "/erfpacht/dossier/E.477.48",
          },
          "titelDossierHelpTekstRegel1": "Probeer het opnieuw met een postcode en huisnummer. Bijvoorbeeld 1072 TW 54.",
          "titelDossierHelpTekstRegel2": "Of probeer een volledig erfpachtdossiernummer in te voeren. Bijvoorbeeld E123/1.",
          "titelDossierZoekveld": "Postcode huisnummer of erfpachtdossiernummer",
          "titelDossiernummer": "Erfpachtdossier",
          "titelDossiersKop": "Erfpachtrechten",
          "titelGeenResultatenGevonden": "Geen resultaten gevonden",
          "titelResultatenGevonden": " resultaten gevonden",
          "titelVoorkeursAdres": "Adres",
          "titelWijzigingsAanvraag": "Wijzigingsaanvraag",
          "titelZaaknummer": "Zaak nummer",
          "title": "E477/48: (behorende bij) Dit en dat plein 22 H",
          "voorkeursadres": "(behorende bij) Dit en dat plein 22 H",
        },
        {
          "dossierNummer": "E7418/35",
          "dossierNummerUrlParam": "E.7418.35",
          "id": "E.7418.35",
          "link": {
            "title": "E7418/35: Cycladenlaan 14",
            "to": "/erfpacht/dossier/E.7418.35",
          },
          "titelDossierHelpTekstRegel1": "Probeer het opnieuw met een postcode en huisnummer. Bijvoorbeeld 1072 TW 54.",
          "titelDossierHelpTekstRegel2": "Of probeer een volledig erfpachtdossiernummer in te voeren. Bijvoorbeeld E123/1.",
          "titelDossierZoekveld": "Postcode huisnummer of erfpachtdossiernummer",
          "titelDossiernummer": "Erfpachtdossier",
          "titelDossiersKop": "Erfpachtrechten",
          "titelGeenResultatenGevonden": "Geen resultaten gevonden",
          "titelResultatenGevonden": " resultaten gevonden",
          "titelVoorkeursAdres": "Adres",
          "titelWijzigingsAanvraag": "Wijzigingsaanvraag",
          "titelZaaknummer": "Zaak nummer",
          "title": "E7418/35: Cycladenlaan 14",
          "voorkeursadres": "Cycladenlaan 14",
        },
        {
          "dossierNummer": "E900/33",
          "dossierNummerUrlParam": "E.900.33",
          "id": "E.900.33",
          "link": {
            "title": "E900/33: Dit en dat plein 20 H",
            "to": "/erfpacht/dossier/E.900.33",
          },
          "titelDossierHelpTekstRegel1": "Probeer het opnieuw met een postcode en huisnummer. Bijvoorbeeld 1072 TW 54.",
          "titelDossierHelpTekstRegel2": "Of probeer een volledig erfpachtdossiernummer in te voeren. Bijvoorbeeld E123/1.",
          "titelDossierZoekveld": "Postcode huisnummer of erfpachtdossiernummer",
          "titelDossiernummer": "Erfpachtdossier",
          "titelDossiersKop": "Erfpachtrechten",
          "titelGeenResultatenGevonden": "Geen resultaten gevonden",
          "titelResultatenGevonden": " resultaten gevonden",
          "titelVoorkeursAdres": "Adres",
          "titelWijzigingsAanvraag": "Wijzigingsaanvraag",
          "titelZaaknummer": "Zaak nummer",
          "title": "E900/33: Dit en dat plein 20 H",
          "voorkeursadres": "Dit en dat plein 20 H",
        },
        {
          "dossierNummer": "E123/456",
          "dossierNummerUrlParam": "E.123.456",
          "id": "E.123.456",
          "link": {
            "title": "E123/456: Dit en dat plein 22 H",
            "to": "/erfpacht/dossier/E.123.456",
          },
          "titelDossierHelpTekstRegel1": "Probeer het opnieuw met een postcode en huisnummer. Bijvoorbeeld 1072 TW 54.",
          "titelDossierHelpTekstRegel2": "Of probeer een volledig erfpachtdossiernummer in te voeren. Bijvoorbeeld E123/1.",
          "titelDossierZoekveld": "Postcode huisnummer of erfpachtdossiernummer",
          "titelDossiernummer": "Erfpachtdossier",
          "titelDossiersKop": "Erfpachtrechten",
          "titelGeenResultatenGevonden": "Geen resultaten gevonden",
          "titelResultatenGevonden": " resultaten gevonden",
          "titelVoorkeursAdres": "Adres",
          "titelWijzigingsAanvraag": "Wijzigingsaanvraag",
          "titelZaaknummer": "Zaak nummer",
          "title": "E123/456: Dit en dat plein 22 H",
          "voorkeursadres": "Dit en dat plein 22 H",
        },
        {
          "dossierNummer": "E6470/243",
          "dossierNummerUrlParam": "E.6470.243",
          "id": "E.6470.243",
          "link": {
            "title": "E6470/243: Valutaboulevard 51",
            "to": "/erfpacht/dossier/E.6470.243",
          },
          "titelDossierHelpTekstRegel1": "Probeer het opnieuw met een postcode en huisnummer. Bijvoorbeeld 1072 TW 54.",
          "titelDossierHelpTekstRegel2": "Of probeer een volledig erfpachtdossiernummer in te voeren. Bijvoorbeeld E123/1.",
          "titelDossierZoekveld": "Postcode huisnummer of erfpachtdossiernummer",
          "titelDossiernummer": "Erfpachtdossier",
          "titelDossiersKop": "Erfpachtrechten",
          "titelGeenResultatenGevonden": "Geen resultaten gevonden",
          "titelResultatenGevonden": " resultaten gevonden",
          "titelVoorkeursAdres": "Adres",
          "titelWijzigingsAanvraag": "Wijzigingsaanvraag",
          "titelZaaknummer": "Zaak nummer",
          "title": "E6470/243: Valutaboulevard 51",
          "voorkeursadres": "Valutaboulevard 51",
        },
      ],
      "titelDossierHelpTekstRegel1": "Probeer het opnieuw met een postcode en huisnummer. Bijvoorbeeld 1072 TW 54.",
      "titelDossierHelpTekstRegel2": "Of probeer een volledig erfpachtdossiernummer in te voeren. Bijvoorbeeld E123/1.",
      "titelDossierZoekveld": "Postcode huisnummer of erfpachtdossiernummer",
      "titelDossiernummer": "Erfpachtdossier",
      "titelDossiersKop": "Erfpachtrechten",
      "titelGeenResultatenGevonden": "Geen resultaten gevonden",
      "titelResultatenGevonden": " resultaten gevonden",
      "titelVoorkeursAdres": "Adres",
      "titelWijzigingsAanvraag": "Wijzigingsaanvraag",
      "titelZaaknummer": "Zaak nummer",
    },
    "isKnown": true,
    "openstaandeFacturen": {
      "facturen": [
        {
          "dossierAdres": "Bijkehuim 44 H",
          "factuurBedrag": "55.02",
          "factuurNummer": "A.123123123.1",
          "formattedFactuurBedrag": "€ 55,02",
          "formattedOpenstaandBedrag": "€ 0,00",
          "open": true,
          "openstaandBedrag": "0.0",
          "status": "Overgedragen aan belastingen",
          "stopcode": "H",
          "titelDossierNummer": "Erfpachtdossier",
          "titelFacturenDossierAdres": "Adres",
          "titelFacturenFactuurBedrag": "Bedrag",
          "titelFacturenNummer": "Factuurnr.",
          "titelFacturenOpenstaandBedrag": "Status",
          "titelFacturenStatus": "Status",
          "titelFacturenVervaldatum": "Vervaldatum",
          "vervalDatum": "2023-04-16",
        },
        {
          "dossierAdres": "Dit en Dat plein 66",
          "factuurBedrag": "43.02",
          "factuurNummer": "B.123123123",
          "formattedFactuurBedrag": "€ 43,02",
          "formattedOpenstaandBedrag": "€ 0,00",
          "open": true,
          "openstaandBedrag": "0.0",
          "status": "Openstaand",
          "titelDossierNummer": "Erfpachtdossier",
          "titelFacturenDossierAdres": "Adres",
          "titelFacturenFactuurBedrag": "Bedrag",
          "titelFacturenNummer": "Factuurnr.",
          "titelFacturenOpenstaandBedrag": "Status",
          "titelFacturenStatus": "Status",
          "titelFacturenVervaldatum": "Vervaldatum",
          "vervalDatum": "2023-10-16",
        },
        {
          "dossierAdres": "Kweikade 33 H2",
          "factuurBedrag": "123.02",
          "factuurNummer": "C.123123123",
          "formattedFactuurBedrag": "€ 123,02",
          "formattedOpenstaandBedrag": "€ 0,00",
          "open": true,
          "openstaandBedrag": "0.0",
          "status": "Openstaand",
          "titelDossierNummer": "Erfpachtdossier",
          "titelFacturenDossierAdres": "Adres",
          "titelFacturenFactuurBedrag": "Bedrag",
          "titelFacturenNummer": "Factuurnr.",
          "titelFacturenOpenstaandBedrag": "Status",
          "titelFacturenStatus": "Status",
          "titelFacturenVervaldatum": "Vervaldatum",
          "vervalDatum": "2023-12-16",
        },
        {
          "dossierAdres": "Bijkehuim 44 H2",
          "factuurBedrag": "55.021",
          "factuurNummer": "A.123123123.2",
          "formattedFactuurBedrag": "€ 55,021",
          "formattedOpenstaandBedrag": "€ 0,00",
          "open": true,
          "openstaandBedrag": "0.0",
          "status": "Overgedragen aan belastingen",
          "stopcode": "H",
          "titelDossierNummer": "Erfpachtdossier",
          "titelFacturenDossierAdres": "Adres",
          "titelFacturenFactuurBedrag": "Bedrag",
          "titelFacturenNummer": "Factuurnr.",
          "titelFacturenOpenstaandBedrag": "Status",
          "titelFacturenStatus": "Status",
          "titelFacturenVervaldatum": "Vervaldatum",
          "vervalDatum": "2023-05-16",
        },
        {
          "dossierAdres": "Dit en Dat plein 66A",
          "factuurBedrag": "43.021",
          "factuurNummer": "B.123123123.2",
          "formattedFactuurBedrag": "€ 43,021",
          "formattedOpenstaandBedrag": "€ 0,00",
          "open": true,
          "openstaandBedrag": "0.0",
          "status": "Openstaand",
          "titelDossierNummer": "Erfpachtdossier",
          "titelFacturenDossierAdres": "Adres",
          "titelFacturenFactuurBedrag": "Bedrag",
          "titelFacturenNummer": "Factuurnr.",
          "titelFacturenOpenstaandBedrag": "Status",
          "titelFacturenStatus": "Status",
          "titelFacturenVervaldatum": "Vervaldatum",
          "vervalDatum": "2023-11-16",
        },
        {
          "dossierAdres": "Kweikade 33 H3",
          "factuurBedrag": "123.021",
          "factuurNummer": "C.123123123.2",
          "formattedFactuurBedrag": "€ 123,021",
          "formattedOpenstaandBedrag": "€ 0,00",
          "open": true,
          "openstaandBedrag": "0.0",
          "status": "Openstaand",
          "titelDossierNummer": "Erfpachtdossier",
          "titelFacturenDossierAdres": "Adres",
          "titelFacturenFactuurBedrag": "Bedrag",
          "titelFacturenNummer": "Factuurnr.",
          "titelFacturenOpenstaandBedrag": "Status",
          "titelFacturenStatus": "Status",
          "titelFacturenVervaldatum": "Vervaldatum",
          "vervalDatum": "2023-10-16",
        },
        {
          "dossierAdres": "Bijkehuim 44 H3",
          "factuurBedrag": "55.021",
          "factuurNummer": "A.123123123",
          "formattedFactuurBedrag": "€ 55,021",
          "formattedOpenstaandBedrag": "€ 0,00",
          "open": true,
          "openstaandBedrag": "0.0",
          "status": "Overgedragen aan belastingen",
          "stopcode": "H",
          "titelDossierNummer": "Erfpachtdossier",
          "titelFacturenDossierAdres": "Adres",
          "titelFacturenFactuurBedrag": "Bedrag",
          "titelFacturenNummer": "Factuurnr.",
          "titelFacturenOpenstaandBedrag": "Status",
          "titelFacturenStatus": "Status",
          "titelFacturenVervaldatum": "Vervaldatum",
          "vervalDatum": "2023-07-16",
        },
        {
          "dossierAdres": "Dit en Dat plein 66B",
          "factuurBedrag": "43.021",
          "factuurNummer": "B.123123123.3",
          "formattedFactuurBedrag": "€ 43,021",
          "formattedOpenstaandBedrag": "€ 0,00",
          "open": true,
          "openstaandBedrag": "0.0",
          "status": "Openstaand",
          "titelDossierNummer": "Erfpachtdossier",
          "titelFacturenDossierAdres": "Adres",
          "titelFacturenFactuurBedrag": "Bedrag",
          "titelFacturenNummer": "Factuurnr.",
          "titelFacturenOpenstaandBedrag": "Status",
          "titelFacturenStatus": "Status",
          "titelFacturenVervaldatum": "Vervaldatum",
          "vervalDatum": "2023-12-15",
        },
        {
          "dossierAdres": "Kweikade 33 H",
          "factuurBedrag": "123.021",
          "factuurNummer": "C.123123123.3",
          "formattedFactuurBedrag": "€ 123,021",
          "formattedOpenstaandBedrag": "€ 0,00",
          "open": true,
          "openstaandBedrag": "0.0",
          "status": "Openstaand",
          "titelDossierNummer": "Erfpachtdossier",
          "titelFacturenDossierAdres": "Adres",
          "titelFacturenFactuurBedrag": "Bedrag",
          "titelFacturenNummer": "Factuurnr.",
          "titelFacturenOpenstaandBedrag": "Status",
          "titelFacturenStatus": "Status",
          "titelFacturenVervaldatum": "Vervaldatum",
          "vervalDatum": "2023-03-16",
        },
      ],
      "titelBetaler": "Betaler",
      "titelDebiteurNummer": "Debiteurnummer",
      "titelFacturen": "Facturen",
      "titelFacturenDossierAdres": "Adres",
      "titelFacturenFactuurBedrag": "Bedrag",
      "titelFacturenNummer": "Factuurnr.",
      "titelFacturenOpenstaandBedrag": "Status",
      "titelFacturenStatus": "Status",
      "titelFacturenVervaldatum": "Vervaldatum",
      "titelFactuurHelpTekstRegel1": "Probeer het opnieuw door een volledig factuurnummer in te voeren. Bijvoorbeeld 15090621.",
      "titelFactuurZoekveld": "Factuurnr.",
      "titelGeenResultatenGevonden": "Geen resultaten gevonden",
      "titelResultatenGevonden": " resultaten gevonden",
      "titelVerklarendeTekstFacturen": "Hier vindt u een overzicht van uw erfpachtfacturen van de afgelopen 2 jaar. Daarnaast ziet u eventueel oudere facturen die nog openstaan.",
    },
    "relatieCode": "123-abc",
    "titelDossiersKop": "Erfpachtrechten",
    "titelLinkErfpachtrechten": "Bekijk alle erfpachtrechten",
    "titelLinkFacturen": "Bekijk alle facturen",
    "titelOpenFacturenKop": "Openstaande facturen",
    "titelStartPaginaKop": "Goedemorgen",
    "titelVerklarendeTekstStartPagina": "Bekijk hier de gegevens van alle erfpachtrechten die gekoppeld zijn aan het KvK-nummer waarmee u bent ingelogd.",
  },
  "status": "OK",
}
`;
