// Vitest Snapshot v1, https://vitest.dev/guide/snapshot.html

exports[`erfpacht-zaken > fetchErfpachtZaakInfo 1`] = `
{
  "content": [
    {
      "datePublished": "2026-07-15T00:00:00.000Z",
      "datePublishedFormatted": "15 juli 2026",
      "displayStatus": "Aanvraag",
      "dossierLinks": [
        "EW123/456",
        "AB/345/678",
      ],
      "fetchZaakDetailUrl": "http://bff-api-host/api/v1/services/erfpacht/zaak/1234-5678-9012-9999",
      "formattedStatusDatum": "15-07-2026",
      "link": {
        "title": "Wijzigen Erfpachtrecht",
        "to": "/erfpacht/zaak/1234-5678-9012-9999",
      },
      "statusOmschrijving": "Aanvraag beoordelen",
      "titelFormattedStatusDatum": "Datum status",
      "titelStatusOmschrijving": "Status",
      "titelZaakNummer": "Zaak nummer",
      "titelZaakOmschrijving": "Zaak onderwerp",
      "zaakDossiers": [
        "EW123/456",
        "AB/345/678",
      ],
      "zaakNummer": "ZAAK-2025-0000011488",
      "zaakOmschrijving": "Wijzigen Erfpachtrecht",
      "zaakUuid": "1234-5678-9012-9999",
    },
    {
      "datePublished": "2026-06-30T00:00:00.000Z",
      "datePublishedFormatted": "30 juni 2026",
      "displayStatus": "Aanvraag",
      "dossierLinks": [
        "E477/48",
      ],
      "fetchZaakDetailUrl": "http://bff-api-host/api/v1/services/erfpacht/zaak/1234-5678-9012-8888",
      "formattedStatusDatum": "30-06-2026",
      "link": {
        "title": "Wijzigen Erfpachtrecht",
        "to": "/erfpacht/zaak/1234-5678-9012-8888",
      },
      "statusOmschrijving": "Aanvraag beoordelen",
      "titelFormattedStatusDatum": "Datum status",
      "titelStatusOmschrijving": "Status",
      "titelZaakNummer": "Zaak nummer",
      "titelZaakOmschrijving": "Zaak onderwerp",
      "zaakDossiers": [
        "E477/48",
      ],
      "zaakNummer": "ZAAK-2025-0000010602",
      "zaakOmschrijving": "Wijzigen Erfpachtrecht",
      "zaakUuid": "1234-5678-9012-8888",
    },
    {
      "datePublished": "2026-07-15T00:00:00.000Z",
      "datePublishedFormatted": "15 juli 2026",
      "displayStatus": "Meer informatie nodig",
      "dossierLinks": [
        "EW123/456",
        "AB/345/678",
      ],
      "fetchZaakDetailUrl": "http://bff-api-host/api/v1/services/erfpacht/zaak/1234-5678-9012-9999",
      "formattedStatusDatum": "15-07-2026",
      "link": {
        "title": "Wijzigen Erfpachtrecht",
        "to": "/erfpacht/zaak/1234-5678-9012-9999",
      },
      "statusOmschrijving": "Informatie opgevraagd",
      "titelFormattedStatusDatum": "Datum status",
      "titelStatusOmschrijving": "Status",
      "titelZaakNummer": "Zaak nummer",
      "titelZaakOmschrijving": "Zaak onderwerp",
      "zaakDossiers": [
        "EW123/456",
        "AB/345/678",
      ],
      "zaakNummer": "ZAAK-2025-0000011488",
      "zaakOmschrijving": "Wijzigen Erfpachtrecht",
      "zaakUuid": "1234-5678-9012-9999",
    },
    {
      "datePublished": "2026-06-30T00:00:00.000Z",
      "datePublishedFormatted": "30 juni 2026",
      "displayStatus": "Aanvraag",
      "dossierLinks": [
        "E477/48",
      ],
      "fetchZaakDetailUrl": "http://bff-api-host/api/v1/services/erfpacht/zaak/1234-5678-9012-8888",
      "formattedStatusDatum": "30-06-2026",
      "link": {
        "title": "Wijzigen Erfpachtrecht",
        "to": "/erfpacht/zaak/1234-5678-9012-8888",
      },
      "statusOmschrijving": "Aanvraag beoordelen",
      "titelFormattedStatusDatum": "Datum status",
      "titelStatusOmschrijving": "Status",
      "titelZaakNummer": "Zaak nummer",
      "titelZaakOmschrijving": "Zaak onderwerp",
      "zaakDossiers": [
        "E477/48",
      ],
      "zaakNummer": "ZAAK-2025-0000010602",
      "zaakOmschrijving": "Wijzigen Erfpachtrecht",
      "zaakUuid": "1234-5678-9012-8888",
    },
    {
      "datePublished": "2026-07-15T00:00:00.000Z",
      "datePublishedFormatted": "15 juli 2026",
      "displayStatus": "Aanvraag",
      "dossierLinks": [
        "EW123/456",
        "AB/345/678",
      ],
      "fetchZaakDetailUrl": "http://bff-api-host/api/v1/services/erfpacht/zaak/1234-5678-9012-9999",
      "formattedStatusDatum": "15-07-2026",
      "link": {
        "title": "Wijzigen Erfpachtrecht",
        "to": "/erfpacht/zaak/1234-5678-9012-9999",
      },
      "statusOmschrijving": "Aanvraag beoordelen",
      "titelFormattedStatusDatum": "Datum status",
      "titelStatusOmschrijving": "Status",
      "titelZaakNummer": "Zaak nummer",
      "titelZaakOmschrijving": "Zaak onderwerp",
      "zaakDossiers": [
        "EW123/456",
        "AB/345/678",
      ],
      "zaakNummer": "ZAAK-2025-0000011488",
      "zaakOmschrijving": "Wijzigen Erfpachtrecht",
      "zaakUuid": "1234-5678-9012-9999",
    },
    {
      "datePublished": "2026-06-30T00:00:00.000Z",
      "datePublishedFormatted": "30 juni 2026",
      "displayStatus": "Aanvraag",
      "dossierLinks": [
        "E477/48",
      ],
      "fetchZaakDetailUrl": "http://bff-api-host/api/v1/services/erfpacht/zaak/1234-5678-9012-8888",
      "formattedStatusDatum": "30-06-2026",
      "link": {
        "title": "Wijzigen Erfpachtrecht",
        "to": "/erfpacht/zaak/1234-5678-9012-8888",
      },
      "statusOmschrijving": "Aanvraag beoordelen",
      "titelFormattedStatusDatum": "Datum status",
      "titelStatusOmschrijving": "Status",
      "titelZaakNummer": "Zaak nummer",
      "titelZaakOmschrijving": "Zaak onderwerp",
      "zaakDossiers": [
        "E477/48",
      ],
      "zaakNummer": "ZAAK-2025-0000010602",
      "zaakOmschrijving": "Wijzigen Erfpachtrecht",
      "zaakUuid": "1234-5678-9012-8888",
    },
    {
      "datePublished": "2026-07-15T00:00:00.000Z",
      "datePublishedFormatted": "15 juli 2026",
      "displayStatus": "Aanvraag",
      "dossierLinks": [
        "EW123/456",
        "AB/345/678",
      ],
      "fetchZaakDetailUrl": "http://bff-api-host/api/v1/services/erfpacht/zaak/1234-5678-9012-9999",
      "formattedStatusDatum": "15-07-2026",
      "link": {
        "title": "Wijzigen Erfpachtrecht",
        "to": "/erfpacht/zaak/1234-5678-9012-9999",
      },
      "statusOmschrijving": "Aanvraag beoordelen",
      "titelFormattedStatusDatum": "Datum status",
      "titelStatusOmschrijving": "Status",
      "titelZaakNummer": "Zaak nummer",
      "titelZaakOmschrijving": "Zaak onderwerp",
      "zaakDossiers": [
        "EW123/456",
        "AB/345/678",
      ],
      "zaakNummer": "ZAAK-2025-0000011488",
      "zaakOmschrijving": "Wijzigen Erfpachtrecht",
      "zaakUuid": "1234-5678-9012-9999",
    },
    {
      "datePublished": "2026-06-30T00:00:00.000Z",
      "datePublishedFormatted": "30 juni 2026",
      "displayStatus": "Aanvraag",
      "dossierLinks": [
        "E477/48",
      ],
      "fetchZaakDetailUrl": "http://bff-api-host/api/v1/services/erfpacht/zaak/1234-5678-9012-8888",
      "formattedStatusDatum": "30-06-2026",
      "link": {
        "title": "Wijzigen Erfpachtrecht",
        "to": "/erfpacht/zaak/1234-5678-9012-8888",
      },
      "statusOmschrijving": "Aanvraag beoordelen",
      "titelFormattedStatusDatum": "Datum status",
      "titelStatusOmschrijving": "Status",
      "titelZaakNummer": "Zaak nummer",
      "titelZaakOmschrijving": "Zaak onderwerp",
      "zaakDossiers": [
        "E477/48",
      ],
      "zaakNummer": "ZAAK-2025-0000010602",
      "zaakOmschrijving": "Wijzigen Erfpachtrecht",
      "zaakUuid": "1234-5678-9012-8888",
    },
  ],
  "status": "OK",
}
`;
