// Jest Snapshot v1, https://goo.gl/fbAQLP

exports[`<MyNotifications /> Matches the Full Page snapshot 1`] = `
<DocumentFragment>
  <main
    class="Page DetailPage MyNotifications"
  >
    <header
      class="PageHeading hasIcon hasBackLink MainHeader"
    >
      <span
        aria-hidden="true"
        class="Icon"
      >
        <svg
          aria-label="Actueel"
          class="ChapterIcon"
          fill="black"
        >
          Bell.svg
        </svg>
      </span>
      <div
        class="HeadingInner"
      >
        <a
          class="Button Button__plain Button__lean Linkd BackLink"
          href="/"
        >
          <svg
            aria-hidden="true"
            class="Icon Icon__left"
            fill="#000"
            height="14px"
            width="14px"
          >
            Chevron-Left.svg
          </svg>
          Home
        </a>
        <h2
          class="Heading Heading__large"
        >
          Actueel
        </h2>
      </div>
    </header>
    <div
      class="PageContent"
    />
    <div
      class="MyNotifications isLoading"
    >
      <ul>
        <li
          class="MyNotificationItem"
        >
          <aside
            class="MetaInfo"
          >
            <button
              aria-expanded="true"
              class="TitleToggle"
              disabled=""
            >
              <h4
                class="Heading Heading__small Title NotificationHeader"
              >
                Notification
              </h4>
              <svg
                aria-label="Home"
                class="ChapterIcon Icon"
                fill="#EC0000"
              >
                burgerzaken.svg
              </svg>
              <div
                class="MetaInfoSecondary"
              >
                <em
                  class="ChapterIndication"
                >
                  Home
                </em>
                <time
                  class="Datum"
                  datetime="2020-07-24"
                >
                  24 juli 2020
                </time>
              </div>
            </button>
          </aside>
          <div
            aria-hidden="false"
            class="Body"
            style="height: 0px;"
          >
            <div>
              <div
                class="Description"
              >
                Notificatie1
              </div>
              <p
                class="Action"
              >
                <a
                  class="Button Button__plain Button__lean Linkd"
                  href="/item-1"
                  title="Meer informatie over de melding: Notification"
                >
                  <svg
                    aria-hidden="true"
                    class="Icon Icon__left"
                    fill="#000"
                    height="14px"
                    width="14px"
                  >
                    Chevron-Right.svg
                  </svg>
                  Linkje!
                </a>
              </p>
            </div>
          </div>
        </li>
        <li
          class="MyNotificationItem"
        >
          <aside
            class="MetaInfo"
          >
            <button
              aria-expanded="true"
              class="TitleToggle"
              disabled=""
            >
              <h4
                class="Heading Heading__small Title NotificationHeader"
              >
                Notification
              </h4>
              <svg
                aria-label="Mijn gegevens"
                class="ChapterIcon Icon"
                fill="#EC0000"
              >
                MijnGegevens.svg
              </svg>
              <div
                class="MetaInfoSecondary"
              >
                <em
                  class="ChapterIndication"
                >
                  Mijn gegevens
                </em>
                <time
                  class="Datum"
                  datetime="2020-07-24"
                >
                  24 juli 2020
                </time>
              </div>
            </button>
          </aside>
          <div
            aria-hidden="false"
            class="Body"
            style="height: 0px;"
          >
            <div>
              <div
                class="Description"
              >
                Notificatie2
              </div>
              <p
                class="Action"
              >
                <a
                  class="Button Button__plain Button__lean Linkd"
                  href="/item-2"
                  title="Meer informatie over de melding: Notification"
                >
                  <svg
                    aria-hidden="true"
                    class="Icon Icon__left"
                    fill="#000"
                    height="14px"
                    width="14px"
                  >
                    Chevron-Right.svg
                  </svg>
                  Linkje!
                </a>
              </p>
            </div>
          </div>
        </li>
        <li
          class="MyNotificationItem"
        >
          <aside
            class="MetaInfo"
          >
            <button
              aria-expanded="true"
              class="TitleToggle"
              disabled=""
            >
              <h4
                class="Heading Heading__small Title NotificationHeader"
              >
                Notification
              </h4>
              <svg
                aria-label="ALERT"
                class="ChapterIcon Icon"
                fill="#EC0000"
              >
                Alert.svg
              </svg>
              <div
                class="MetaInfoSecondary"
              >
                <em
                  class="ChapterIndication"
                >
                  Inkomen
                </em>
                <time
                  class="Datum"
                  datetime="2020-07-24"
                >
                  24 juli 2020
                </time>
              </div>
            </button>
          </aside>
          <div
            aria-hidden="false"
            class="Body"
            style="height: 0px;"
          >
            <div>
              <div
                class="Description"
              >
                Notificatie3
              </div>
              <p
                class="Action"
              >
                <a
                  class="Button Button__plain Button__lean Linkd"
                  href="/item-3"
                  title="Meer informatie over de melding: Notification"
                >
                  <svg
                    aria-hidden="true"
                    class="Icon Icon__left"
                    fill="#000"
                    height="14px"
                    width="14px"
                  >
                    Chevron-Right.svg
                  </svg>
                  Linkje!
                </a>
              </p>
            </div>
          </div>
        </li>
        <li
          class="MyNotificationItem"
        >
          <aside
            class="MetaInfo"
          >
            <button
              aria-expanded="true"
              class="TitleToggle"
              disabled=""
            >
              <h4
                class="Heading Heading__small Title NotificationHeader"
              >
                Welkom op Mijn Amsterdam!
              </h4>
              <svg
                aria-label="Actueel"
                class="ChapterIcon Icon"
                fill="#EC0000"
              >
                Bell.svg
              </svg>
              <div
                class="MetaInfoSecondary"
              >
                <em
                  class="ChapterIndication"
                >
                  Actueel
                </em>
              </div>
            </button>
          </aside>
          <div
            aria-hidden="false"
            class="Body"
            style="height: 0px;"
          >
            <div>
              <div
                class="Description"
              >
                Mijn Amsterdam is nog volop in ontwikkeling. Er komt steeds meer informatie bij.
              </div>
              <p
                class="Action"
              >
                <a
                  class="Button Button__plain Button__lean Linkd"
                  href="/overzicht-updates"
                  title="Meer informatie over de melding: Welkom op Mijn Amsterdam!"
                >
                  <svg
                    aria-hidden="true"
                    class="Icon Icon__left"
                    fill="#000"
                    height="14px"
                    width="14px"
                  >
                    Chevron-Right.svg
                  </svg>
                  Laat ons weten wat u ervan vindt
                </a>
              </p>
            </div>
          </div>
        </li>
      </ul>
    </div>
  </main>
</DocumentFragment>
`;
