// Jest Snapshot v1, https://goo.gl/fbAQLP

exports[`<MyNotifications /> Matches the Full Page snapshot 1`] = `
<DocumentFragment>
  <main
    class="Page DetailPage MyNotifications"
  >
    <header
      class="PageHeading hasIcon MainHeader"
    >
      <span
        aria-hidden="true"
        class="Icon"
      >
        <svg
          aria-label="Actueel"
          class="ChapterIcon"
          fill="black"
        >
          Bell.svg
        </svg>
      </span>
      <div
        class="HeadingInner"
      >
        <h2
          class="Heading Heading__large"
        >
          Actueel
        </h2>
      </div>
    </header>
    <div
      class="PageContent"
    />
    <div
      class="MyNotifications isLoading"
    >
      <ul>
        <li
          class="MyNotificationItem"
        >
          <h4
            class="Heading Heading__small Title"
          >
            Notification
          </h4>
          <aside
            class="MetaInfo"
          >
            <svg
              aria-label="Home"
              class="ChapterIcon Icon"
              fill="#EC0000"
            >
              burgerzaken.svg
            </svg>
            <div
              class="MetaInfoSecondary"
            >
              <em
                class="ChapterIndication"
              >
                Home
              </em>
              <time
                class="Datum"
                datetime="2020-07-24"
              >
                24 juli 2020
              </time>
            </div>
          </aside>
          <p
            class="Description"
          >
            Notificatie1
          </p>
          <p
            class="Action"
          >
            <a
              class="Button Button__plain Button__lean Linkd"
              href="/item-1"
              title="Meer informatie over de melding: Notification"
            >
              <svg
                aria-hidden="true"
                class="Icon Icon__left"
                fill="#000"
                height="14px"
                width="14px"
              >
                Chevron-Right.svg
              </svg>
              Linkje!
            </a>
          </p>
        </li>
        <li
          class="MyNotificationItem"
        >
          <h4
            class="Heading Heading__small Title"
          >
            Notification
          </h4>
          <aside
            class="MetaInfo"
          >
            <svg
              aria-label="Mijn gegevens"
              class="ChapterIcon Icon"
              fill="#EC0000"
            >
              MijnGegevens.svg
            </svg>
            <div
              class="MetaInfoSecondary"
            >
              <em
                class="ChapterIndication"
              >
                Mijn gegevens
              </em>
              <time
                class="Datum"
                datetime="2020-07-24"
              >
                24 juli 2020
              </time>
            </div>
          </aside>
          <p
            class="Description"
          >
            Notificatie2
          </p>
          <p
            class="Action"
          >
            <a
              class="Button Button__plain Button__lean Linkd"
              href="/item-2"
              title="Meer informatie over de melding: Notification"
            >
              <svg
                aria-hidden="true"
                class="Icon Icon__left"
                fill="#000"
                height="14px"
                width="14px"
              >
                Chevron-Right.svg
              </svg>
              Linkje!
            </a>
          </p>
        </li>
        <li
          class="MyNotificationItem"
        >
          <h4
            class="Heading Heading__small Title"
          >
            Notification
          </h4>
          <aside
            class="MetaInfo"
          >
            <svg
              aria-label="ALERT"
              class="ChapterIcon Icon"
              fill="#EC0000"
            >
              Alert.svg
            </svg>
            <div
              class="MetaInfoSecondary"
            >
              <em
                class="ChapterIndication"
              >
                Inkomen
              </em>
              <time
                class="Datum"
                datetime="2020-07-24"
              >
                24 juli 2020
              </time>
            </div>
          </aside>
          <p
            class="Description"
          >
            Notificatie3
          </p>
          <p
            class="Action"
          >
            <a
              class="Button Button__plain Button__lean Linkd"
              href="/item-3"
              title="Meer informatie over de melding: Notification"
            >
              <svg
                aria-hidden="true"
                class="Icon Icon__left"
                fill="#000"
                height="14px"
                width="14px"
              >
                Chevron-Right.svg
              </svg>
              Linkje!
            </a>
          </p>
        </li>
        <li
          class="MyNotificationItem"
        >
          <h4
            class="Heading Heading__small Title"
          >
            Welkom op Mijn Amsterdam!
          </h4>
          <aside
            class="MetaInfo"
          >
            <svg
              aria-label="Actueel"
              class="ChapterIcon Icon"
              fill="#EC0000"
            >
              Bell.svg
            </svg>
            <div
              class="MetaInfoSecondary"
            >
              <em
                class="ChapterIndication"
              >
                Actueel
              </em>
            </div>
          </aside>
          <p
            class="Description"
          >
            Mijn Amsterdam is nog volop in ontwikkeling. Er komt steeds meer informatie bij.
          </p>
          <p
            class="Action"
          >
            <a
              class="Button Button__plain Button__lean Linkd"
              href="/overzicht-updates"
              title="Meer informatie over de melding: Welkom op Mijn Amsterdam!"
            >
              <svg
                aria-hidden="true"
                class="Icon Icon__left"
                fill="#000"
                height="14px"
                width="14px"
              >
                Chevron-Right.svg
              </svg>
              Laat ons weten wat u ervan vindt
            </a>
          </p>
        </li>
      </ul>
    </div>
  </main>
</DocumentFragment>
`;
