// Jest Snapshot v1, https://goo.gl/fbAQLP

exports[`<GarbageInformation /> Matches the Full Page snapshot 1`] = `
<DocumentFragment>
  <main
    class="Page DetailPage GarbageInformation"
  >
    <header
      class="PageHeading hasIcon hasBackLink"
    >
      <span
        aria-hidden="true"
        class="Icon"
      >
        <svg
          aria-label="Afval"
          class="ChapterIcon"
          fill="black"
        >
          Huisvuilkalender.svg
        </svg>
      </span>
      <div
        class="HeadingInner"
      >
        <a
          class="Button Button__plain Button__lean Linkd BackLink"
          href="/"
        >
          <svg
            aria-hidden="true"
            class="Icon Icon__left"
            fill="#000"
            height="14px"
            width="14px"
          >
            Chevron-Left.svg
          </svg>
          Home
        </a>
        <h2
          class="Heading Heading__large"
        >
          Afval
        </h2>
      </div>
    </header>
    <div
      class="PageContent"
    >
      <p>
        Bekijk waar u uw afval kwijt kunt en hoe u uw afval kunt scheiden.
      </p>
      <p>
        <a
          class="Button Button__plain Button__lean Linkd"
          href="https://www.amsterdam.nl/afval/"
          rel="external noopener noreferrer"
        >
          <svg
            aria-hidden="true"
            class="Icon Icon__left"
            fill="#000"
            height="14px"
            width="14px"
          >
            Chevron-Right.svg
          </svg>
          De regels voor afval en hergebruik
        </a>
        <br />
        <a
          class="Button Button__plain Button__lean Linkd"
          href="https://www.amsterdam.nl/veelgevraagd/?productid=%7BD5F9EF09-0F3A-4E59-8435-4873EB7CD609%7D#case_%7B33F0B504-EDEB-42EE-A8C5-7EF394F65D3A%7D"
          rel="external noopener noreferrer"
        >
          <svg
            aria-hidden="true"
            class="Icon Icon__left"
            fill="#000"
            height="14px"
            width="14px"
          >
            Chevron-Right.svg
          </svg>
          Doe een melding als afval is blijven liggen
        </a>
      </p>
      <div
        class="InfoDetail GarbageInfoDetail"
      >
        <h3
          class="Heading Heading__tiny Label"
        >
          Uw adres
        </h3>
        <p
          class="Value"
        >
          Onbekend adres
        </p>
      </div>
    </div>
    <section
      class="SectionCollapsible GarbageSectionCollapsible"
    >
      <h3
        class="Heading Heading__mediumLarge Title TitleWithItems"
      >
        <button
          aria-expanded="false"
          class="TitleToggle"
        >
          <svg
            aria-hidden="true"
            class="CaretIcon"
          >
            Chevron-Right.svg
          </svg>
           Zetje afval aan de weg
        </button>
      </h3>
      <div
        aria-hidden="true"
        class="Panel"
        style="height: 0px;"
      >
        <div
          class="PanelInner"
        >
          <div
            class="InfoDetail GarbageInfoDetail"
          >
            <h3
              class="Heading Heading__tiny Label"
            >
              Hoe
            </h3>
            <p
              class="Value"
            >
              Aan de weg
            </p>
          </div>
          <div
            class="InfoDetail GarbageInfoDetail"
          >
            <h3
              class="Heading Heading__tiny Label"
            >
              Buiten zetten
            </h3>
            <p
              class="Value"
            >
              vanaf Woensdag 20:00 tot Donderdag 07:00
            </p>
          </div>
          <div
            class="InfoDetail GarbageInfoDetail"
          >
            <h3
              class="Heading Heading__tiny Label"
            >
              Ophaaldag
            </h3>
            <p
              class="Value"
            >
              Donderdag
            </p>
          </div>
          <div
            class="InfoDetail GarbageInfoDetail"
          >
            <h3
              class="Heading Heading__tiny Label"
            >
              Opmerking
            </h3>
            <p
              class="Value"
            >
              Hou het netjes!
            </p>
          </div>
        </div>
      </div>
    </section>
    <section
      class="SectionCollapsible GarbageSectionCollapsible"
    >
      <h3
        class="Heading Heading__mediumLarge Title TitleWithItems"
      >
        <button
          aria-expanded="false"
          class="TitleToggle"
        >
          <svg
            aria-hidden="true"
            class="CaretIcon"
          >
            Chevron-Right.svg
          </svg>
           Gooi zakken in container
        </button>
      </h3>
      <div
        aria-hidden="true"
        class="Panel"
        style="height: 0px;"
      >
        <div
          class="PanelInner"
        >
          <div
            class="InfoDetail GarbageInfoDetail"
          >
            <h3
              class="Heading Heading__tiny Label"
            >
              Hoe
            </h3>
            <p
              class="Value"
            >
              In container
            </p>
          </div>
          <div
            class="InfoDetail GarbageInfoDetail"
          >
            <h3
              class="Heading Heading__tiny Label"
            >
              Opmerking
            </h3>
            <p
              class="Value"
            >
              Hou het netjes!
            </p>
          </div>
        </div>
      </div>
    </section>
    <section
      class="SectionCollapsible GarbageSectionCollapsible"
    >
      <h3
        class="Heading Heading__mediumLarge Title TitleWithItems"
      >
        <button
          aria-expanded="false"
          class="TitleToggle"
        >
          <svg
            aria-hidden="true"
            class="CaretIcon"
          >
            Chevron-Right.svg
          </svg>
           Afvalcontainers in de buurt
        </button>
      </h3>
      <div
        aria-hidden="true"
        class="Panel"
        style="height: 0px;"
      >
        <div
          class="PanelInner"
        >
          <div
            class="InfoDetail GarbageInfoDetail"
          >
            <h3
              class="Heading Heading__tiny Label"
            >
              Overzicht in uw buurt
            </h3>
            <p
              class="Value"
            >
              <a
                class="Button Button__plain Button__lean Linkd"
                href="/buurt?datasetIds=[\\"afvalcontainers\\"]"
              >
                <svg
                  aria-hidden="true"
                  class="Icon Icon__left"
                  fill="#000"
                  height="14px"
                  width="14px"
                >
                  Chevron-Right.svg
                </svg>
                Bekijk de afvalcontainer locaties.
              </a>
            </p>
          </div>
        </div>
      </div>
    </section>
    <section
      class="SectionCollapsible GarbageSectionCollapsible Afvalpunten"
    >
      <h3
        class="Heading Heading__mediumLarge Title TitleWithItems"
      >
        <button
          aria-expanded="false"
          class="TitleToggle"
        >
          <svg
            aria-hidden="true"
            class="CaretIcon"
          >
            Chevron-Right.svg
          </svg>
           Afvalpunten
        </button>
      </h3>
      <div
        aria-hidden="true"
        class="Panel"
        style="height: 0px;"
      >
        <div
          class="PanelInner"
        >
          <h3
            class="Heading Heading__medium AfvalpuntContentHeading"
          >
            De afvalpuntenweg 
            <span
              class="DistanceToHome"
            >
              +/-34KM
            </span>
          </h3>
          <div
            class="InfoDetail GarbageInfoDetail"
          >
            <h4
              class="Heading Heading__tiny Label"
            >
              Adres
            </h4>
            <div
              class="Value"
            >
              <p
                class="NoMargin"
              >
                afvalpuntenweg 23, 1067 BA
              </p>
            </div>
          </div>
          <div
            class="InfoDetail GarbageInfoDetail"
          >
            <h4
              class="Heading Heading__tiny Label"
            >
              Telefoon
            </h4>
            <p
              class="Value"
            >
              <a
                href="tel:123123123"
              >
                123123123
              </a>
            </p>
          </div>
          <div
            class="InfoDetail GarbageInfoDetail"
          >
            <h4
              class="Heading Heading__tiny Label"
            >
              E-mail
            </h4>
            <p
              class="Value"
            >
              <a
                href="mailto:afval@punt.com"
              >
                afval@punt.com
              </a>
            </p>
          </div>
          <div
            class="InfoDetail GarbageInfoDetail"
          >
            <h4
              class="Heading Heading__tiny Label"
            >
              Meer informatie
            </h4>
            <p
              class="Value"
            >
              <a
                class="Button Button__plain Button__lean Linkd"
                href="/http://example.org/afvalpunt"
                rel="noopener noreferrer"
              >
                <svg
                  aria-hidden="true"
                  class="Icon Icon__left"
                  fill="#000"
                  height="14px"
                  width="14px"
                >
                  Chevron-Right.svg
                </svg>
                Spullen wegbrengen naar een Afvalpunt
              </a>
            </p>
          </div>
        </div>
      </div>
    </section>
    <div
      class="PageContent"
    >
      <p>
        <a
          class="Button Button__plain Button__lean Linkd ContactLink"
          href="https://formulier.amsterdam.nl/mail/afval/afvalwijzer/"
          rel="external noopener noreferrer"
        >
          <svg
            aria-hidden="true"
            class="Icon Icon__left"
            fill="#000"
            height="14px"
            width="14px"
          >
            Chevron-Right.svg
          </svg>
          Kloppen de dagen, tijden of adressen niet? Geef het aan ons door.
        </a>
      </p>
    </div>
  </main>
</DocumentFragment>
`;
